
> Configure project :
Fabric Loom: 1.17.14

> Task :compileJava
C:\Users\andre\Documents\Programming\Minecraft\Totality\src\main\java\zcylas\totality\api\ability\impl\VeinminerAbility.java:243: error: cannot find symbol
        return state.is(BlockTags.COAL_ORES)
                                 ^
  symbol:   variable COAL_ORES
  location: class BlockTags
C:\Users\andre\Documents\Programming\Minecraft\Totality\src\main\java\zcylas\totality\api\ability\impl\VeinminerAbility.java:247: error: cannot find symbol
                || state.is(BlockTags.DIAMOND_ORES)
                                     ^
  symbol:   variable DIAMOND_ORES
  location: class BlockTags
C:\Users\andre\Documents\Programming\Minecraft\Totality\src\main\java\zcylas\totality\api\ability\impl\VeinminerAbility.java:248: error: cannot find symbol
                || state.is(BlockTags.EMERALD_ORES)
                                     ^
  symbol:   variable EMERALD_ORES
  location: class BlockTags
C:\Users\andre\Documents\Programming\Minecraft\Totality\src\main\java\zcylas\totality\api\ability\impl\VeinminerAbility.java:249: error: cannot find symbol
                || state.is(BlockTags.LAPIS_ORES)
                                     ^
  symbol:   variable LAPIS_ORES
  location: class BlockTags
C:\Users\andre\Documents\Programming\Minecraft\Totality\src\main\java\zcylas\totality\api\ability\impl\VeinminerAbility.java:250: error: cannot find symbol
                || state.is(BlockTags.REDSTONE_ORES)
                                     ^
  symbol:   variable REDSTONE_ORES
  location: class BlockTags
C:\Users\andre\Documents\Programming\Minecraft\Totality\src\main\java\zcylas\totality\api\ability\kryptonian\HeatVisionAbility.java:185: error: cannot find symbol
            if (state.is(BlockTags.LOGS_THAT_BURN)
                                  ^
  symbol:   variable LOGS_THAT_BURN
  location: class BlockTags
C:\Users\andre\Documents\Programming\Minecraft\Totality\src\main\java\zcylas\totality\api\client\gui\TotalityGuiRenderer.java:44: error: cannot find symbol
                        .withVertexFormat(DefaultVertexFormat.POSITION_COLOR, VertexFormat.Mode.QUADS)
                                                                                          ^
  symbol:   variable Mode
  location: class VertexFormat
C:\Users\andre\Documents\Programming\Minecraft\Totality\src\main\java\zcylas\totality\api\rpg\skills\mining\MiningXpTable.java:56: error: cannot find symbol
        tag(BlockTags.DIAMOND_ORES,             30);
                     ^
  symbol:   variable DIAMOND_ORES
  location: class BlockTags
C:\Users\andre\Documents\Programming\Minecraft\Totality\src\main\java\zcylas\totality\api\rpg\skills\mining\MiningXpTable.java:57: error: cannot find symbol
        tag(BlockTags.EMERALD_ORES,             30);
                     ^
  symbol:   variable EMERALD_ORES
  location: class BlockTags
C:\Users\andre\Documents\Programming\Minecraft\Totality\src\main\java\zcylas\totality\api\rpg\skills\mining\MiningXpTable.java:59: error: cannot find symbol
        tag(BlockTags.REDSTONE_ORES,            20);
                     ^
  symbol:   variable REDSTONE_ORES
  location: class BlockTags
C:\Users\andre\Documents\Programming\Minecraft\Totality\src\main\java\zcylas\totality\api\rpg\skills\mining\MiningXpTable.java:60: error: cannot find symbol
        tag(BlockTags.LAPIS_ORES,               20);
                     ^
  symbol:   variable LAPIS_ORES
  location: class BlockTags
C:\Users\andre\Documents\Programming\Minecraft\Totality\src\main\java\zcylas\totality\api\rpg\skills\mining\MiningXpTable.java:63: error: cannot find symbol
        tag(BlockTags.COAL_ORES,                10);
                     ^
  symbol:   variable COAL_ORES
  location: class BlockTags
C:\Users\andre\Documents\Programming\Minecraft\Totality\src\main\java\zcylas\totality\api\rpg\skills\mining\ProspectorGemTable.java:49: error: cannot find symbol
        tagDrop(BlockTags.DIAMOND_ORES,       Items.DIAMOND,  0.10f);
                         ^
  symbol:   variable DIAMOND_ORES
  location: class BlockTags
C:\Users\andre\Documents\Programming\Minecraft\Totality\src\main\java\zcylas\totality\api\rpg\skills\mining\ProspectorGemTable.java:50: error: cannot find symbol
        tagDrop(BlockTags.EMERALD_ORES,       Items.EMERALD,  0.10f);
                         ^
  symbol:   variable EMERALD_ORES
  location: class BlockTags
C:\Users\andre\Documents\Programming\Minecraft\Totality\src\main\java\zcylas\totality\client\dialogue\ClientDialogueManager.java:21: error: cannot find symbol
            if (mc.screen instanceof DialogueScreen) mc.setScreen(null);
                  ^
  symbol:   variable screen
  location: variable mc of type Minecraft
C:\Users\andre\Documents\Programming\Minecraft\Totality\src\main\java\zcylas\totality\client\dialogue\ClientDialogueManager.java:21: error: cannot find symbol
            if (mc.screen instanceof DialogueScreen) mc.setScreen(null);
                                                       ^
  symbol:   method setScreen(<null>)
  location: variable mc of type Minecraft
C:\Users\andre\Documents\Programming\Minecraft\Totality\src\main\java\zcylas\totality\client\dialogue\ClientDialogueManager.java:26: error: cannot find symbol
        if (mc.screen instanceof DialogueScreen ds) {
              ^
  symbol:   variable screen
  location: variable mc of type Minecraft
C:\Users\andre\Documents\Programming\Minecraft\Totality\src\main\java\zcylas\totality\client\dialogue\ClientDialogueManager.java:28: error: cannot find symbol
        } else if (mc.screen instanceof DiceRollScreen) {
                     ^
  symbol:   variable screen
  location: variable mc of type Minecraft
C:\Users\andre\Documents\Programming\Minecraft\Totality\src\main\java\zcylas\totality\client\dialogue\ClientDialogueManager.java:31: error: cannot find symbol
            mc.setScreen(new DialogueScreen(payload));
              ^
  symbol:   method setScreen(DialogueScreen)
  location: variable mc of type Minecraft
C:\Users\andre\Documents\Programming\Minecraft\Totality\src\main\java\zcylas\totality\client\dialogue\ClientDialogueManager.java:48: error: cannot find symbol
                Minecraft.getInstance().setScreen(new DialogueScreen(update));
                                       ^
  symbol:   method setScreen(DialogueScreen)
  location: class Minecraft
C:\Users\andre\Documents\Programming\Minecraft\Totality\src\main\java\zcylas\totality\client\economy\ClientBankTellerManager.java:13: error: cannot find symbol
        if (mc.screen instanceof BankTellerScreen screen) {
              ^
  symbol:   variable screen
  location: variable mc of type Minecraft
C:\Users\andre\Documents\Programming\Minecraft\Totality\src\main\java\zcylas\totality\client\economy\ClientBankTellerManager.java:16: error: cannot find symbol
            mc.setScreen(new BankTellerScreen(payload));
              ^
  symbol:   method setScreen(BankTellerScreen)
  location: variable mc of type Minecraft
C:\Users\andre\Documents\Programming\Minecraft\Totality\src\main\java\zcylas\totality\client\hud\resource\SecondaryResourceHud.java:22: error: cannot find symbol
            if (client.player == null || client.options.hideGui) return;
                                                       ^
  symbol:   variable hideGui
  location: variable options of type Options
C:\Users\andre\Documents\Programming\Minecraft\Totality\src\main\java\zcylas\totality\client\hud\rest\RestHud.java:23: error: cannot find symbol
            if (client.player == null || client.options.hideGui) return;
                                                       ^
  symbol:   variable hideGui
  location: variable options of type Options
C:\Users\andre\Documents\Programming\Minecraft\Totality\src\main\java\zcylas\totality\client\item\AttunementClientManager.java:28: error: cannot find symbol
        if (client.player == null || client.screen == null) { reset(); return; }
                                           ^
  symbol:   variable screen
  location: variable client of type Minecraft
C:\Users\andre\Documents\Programming\Minecraft\Totality\src\main\java\zcylas\totality\client\item\AttunementClientManager.java:78: error: cannot find symbol
        if (client.screen instanceof net.minecraft.client.gui.screens.inventory.AbstractContainerScreen<?> screen) {
                  ^
  symbol:   variable screen
  location: variable client of type Minecraft
C:\Users\andre\Documents\Programming\Minecraft\Totality\src\main\java\zcylas\totality\client\item\AttunementClientManager.java:87: error: cannot find symbol
        if (client.screen instanceof net.minecraft.client.gui.screens.inventory.AbstractContainerScreen<?> screen) {
                  ^
  symbol:   variable screen
  location: variable client of type Minecraft
C:\Users\andre\Documents\Programming\Minecraft\Totality\src\main\java\zcylas\totality\client\quest\ClientQuestManager.java:39: error: cannot find symbol
        if (mc.screen instanceof QuestScreen qs) {
              ^
  symbol:   variable screen
  location: variable mc of type Minecraft
C:\Users\andre\Documents\Programming\Minecraft\Totality\src\main\java\zcylas\totality\client\quest\ClientQuestManager.java:43: error: cannot find symbol
            mc.setScreen(new QuestScreen(payload, pendingFrame));
              ^
  symbol:   method setScreen(QuestScreen)
  location: variable mc of type Minecraft
C:\Users\andre\Documents\Programming\Minecraft\Totality\src\main\java\zcylas\totality\client\quest\QuestTrackerHud.java:33: error: cannot find symbol
            if (mc.player == null || mc.options.hideGui) return;
                                               ^
  symbol:   variable hideGui
  location: variable options of type Options
C:\Users\andre\Documents\Programming\Minecraft\Totality\src\main\java\zcylas\totality\client\renderer\ability\HeatVisionBeamRenderer.java:140: error: cannot find symbol
                ALLOCATOR, PIPELINE.getVertexFormatMode(), PIPELINE.getVertexFormat());
                                   ^
  symbol:   method getVertexFormatMode()
  location: variable PIPELINE of type RenderPipeline
C:\Users\andre\Documents\Programming\Minecraft\Totality\src\main\java\zcylas\totality\client\renderer\ability\HeatVisionBeamRenderer.java:140: error: cannot find symbol
                ALLOCATOR, PIPELINE.getVertexFormatMode(), PIPELINE.getVertexFormat());
                                                                   ^
  symbol:   method getVertexFormat()
  location: variable PIPELINE of type RenderPipeline
C:\Users\andre\Documents\Programming\Minecraft\Totality\src\main\java\zcylas\totality\client\renderer\ability\HeatVisionBeamRenderer.java:254: error: cannot find symbol
        try (GpuBuffer.MappedView view = encoder.mapBuffer(
                      ^
  symbol:   class MappedView
  location: class GpuBuffer
C:\Users\andre\Documents\Programming\Minecraft\Totality\src\main\java\zcylas\totality\client\renderer\ability\HeatVisionBeamRenderer.java:254: error: cannot find symbol
        try (GpuBuffer.MappedView view = encoder.mapBuffer(
                                                ^
  symbol:   method mapBuffer(GpuBufferSlice,boolean,boolean)
  location: variable encoder of type CommandEncoder
C:\Users\andre\Documents\Programming\Minecraft\Totality\src\main\java\zcylas\totality\client\renderer\ability\HeatVisionBeamRenderer.java:262: error: cannot find symbol
                RenderSystem.getSequentialBuffer(PIPELINE.getVertexFormatMode());
                                                         ^
  symbol:   method getVertexFormatMode()
  location: variable PIPELINE of type RenderPipeline
C:\Users\andre\Documents\Programming\Minecraft\Totality\src\main\java\zcylas\totality\client\renderer\ability\HeatVisionBeamRenderer.java:275: error: cannot find symbol
                        mc.getMainRenderTarget().getDepthTextureView(),
                          ^
  symbol:   method getMainRenderTarget()
  location: variable mc of type Minecraft
C:\Users\andre\Documents\Programming\Minecraft\Totality\src\main\java\zcylas\totality\client\renderer\ability\HeatVisionBeamRenderer.java:273: error: cannot find symbol
                        mc.getMainRenderTarget().getColorTextureView(),
                          ^
  symbol:   method getMainRenderTarget()
  location: variable mc of type Minecraft
C:\Users\andre\Documents\Programming\Minecraft\Totality\src\main\java\zcylas\totality\client\renderer\ability\HeatVisionBeamRenderer.java:280: error: incompatible types: GpuBuffer cannot be converted to GpuBufferSlice
            pass.setVertexBuffer(0, vertices);
                                    ^
C:\Users\andre\Documents\Programming\Minecraft\Totality\src\main\java\zcylas\totality\client\renderer\ability\HeatVisionBeamRenderer.java:282: error: method drawIndexed in class RenderPass cannot be applied to given types;
            pass.drawIndexed(0, 0, drawState.indexCount(), 1);
                ^
  required: int,int,int,int,int
  found:    int,int,int,int
  reason: actual and formal argument lists differ in length
C:\Users\andre\Documents\Programming\Minecraft\Totality\src\main\java\zcylas\totality\client\renderer\energy\SidedOverlayRenderer.java:73: error: cannot find symbol
                BufferBuilder buffer = new BufferBuilder(ALLOCATOR, PIPELINE.getVertexFormatMode(), PIPELINE.getVertexFormat());
                                                                            ^
  symbol:   method getVertexFormatMode()
  location: variable PIPELINE of type RenderPipeline
C:\Users\andre\Documents\Programming\Minecraft\Totality\src\main\java\zcylas\totality\client\renderer\energy\SidedOverlayRenderer.java:73: error: cannot find symbol
                BufferBuilder buffer = new BufferBuilder(ALLOCATOR, PIPELINE.getVertexFormatMode(), PIPELINE.getVertexFormat());
                                                                                                            ^
  symbol:   method getVertexFormat()
  location: variable PIPELINE of type RenderPipeline
C:\Users\andre\Documents\Programming\Minecraft\Totality\src\main\java\zcylas\totality\client\renderer\energy\SidedOverlayRenderer.java:103: error: cannot find symbol
                BufferBuilder buffer = new BufferBuilder(ALLOCATOR, PIPELINE.getVertexFormatMode(), PIPELINE.getVertexFormat());
                                                                            ^
  symbol:   method getVertexFormatMode()
  location: variable PIPELINE of type RenderPipeline
C:\Users\andre\Documents\Programming\Minecraft\Totality\src\main\java\zcylas\totality\client\renderer\energy\SidedOverlayRenderer.java:103: error: cannot find symbol
                BufferBuilder buffer = new BufferBuilder(ALLOCATOR, PIPELINE.getVertexFormatMode(), PIPELINE.getVertexFormat());
                                                                                                            ^
  symbol:   method getVertexFormat()
  location: variable PIPELINE of type RenderPipeline
C:\Users\andre\Documents\Programming\Minecraft\Totality\src\main\java\zcylas\totality\client\renderer\energy\SidedOverlayRenderer.java:137: error: cannot find symbol
        try (GpuBuffer.MappedView mappedView = commandEncoder.mapBuffer(vertexBuffer.currentBuffer().slice(0, builtBuffer.vertexBuffer().remaining()), false, true)) {
                      ^
  symbol:   class MappedView
  location: class GpuBuffer
C:\Users\andre\Documents\Programming\Minecraft\Totality\src\main\java\zcylas\totality\client\renderer\energy\SidedOverlayRenderer.java:137: error: cannot find symbol
        try (GpuBuffer.MappedView mappedView = commandEncoder.mapBuffer(vertexBuffer.currentBuffer().slice(0, builtBuffer.vertexBuffer().remaining()), false, true)) {
                                                             ^
  symbol:   method mapBuffer(GpuBufferSlice,boolean,boolean)
  location: variable commandEncoder of type CommandEncoder
C:\Users\andre\Documents\Programming\Minecraft\Totality\src\main\java\zcylas\totality\client\renderer\energy\SidedOverlayRenderer.java:143: error: cannot find symbol
        VertexFormat.IndexType indexType;
                    ^
  symbol:   class IndexType
  location: class VertexFormat
C:\Users\andre\Documents\Programming\Minecraft\Totality\src\main\java\zcylas\totality\client\renderer\energy\SidedOverlayRenderer.java:145: error: cannot find symbol
        if (PIPELINE.getVertexFormatMode() == VertexFormat.Mode.QUADS) {
                    ^
  symbol:   method getVertexFormatMode()
  location: variable PIPELINE of type RenderPipeline
C:\Users\andre\Documents\Programming\Minecraft\Totality\src\main\java\zcylas\totality\client\renderer\energy\SidedOverlayRenderer.java:145: error: cannot find symbol
        if (PIPELINE.getVertexFormatMode() == VertexFormat.Mode.QUADS) {
                                                          ^
  symbol:   variable Mode
  location: class VertexFormat
C:\Users\andre\Documents\Programming\Minecraft\Totality\src\main\java\zcylas\totality\client\renderer\energy\SidedOverlayRenderer.java:147: error: cannot find symbol
            indices = PIPELINE.getVertexFormat().uploadImmediateIndexBuffer(builtBuffer.indexBuffer());
                              ^
  symbol:   method getVertexFormat()
  location: variable PIPELINE of type RenderPipeline
C:\Users\andre\Documents\Programming\Minecraft\Totality\src\main\java\zcylas\totality\client\renderer\energy\SidedOverlayRenderer.java:150: error: cannot find symbol
            RenderSystem.AutoStorageIndexBuffer shapeIndexBuffer = RenderSystem.getSequentialBuffer(PIPELINE.getVertexFormatMode());
                                                                                                            ^
  symbol:   method getVertexFormatMode()
  location: variable PIPELINE of type RenderPipeline
C:\Users\andre\Documents\Programming\Minecraft\Totality\src\main\java\zcylas\totality\client\renderer\energy\SidedOverlayRenderer.java:156: error: cannot find symbol
                .writeTransform(RenderSystem.getModelViewMatrix(),
                                            ^
  symbol:   method getModelViewMatrix()
  location: class RenderSystem
C:\Users\andre\Documents\Programming\Minecraft\Totality\src\main\java\zcylas\totality\client\renderer\energy\SidedOverlayRenderer.java:165: error: cannot find symbol
                        client.getMainRenderTarget().getDepthTextureView(),
                              ^
  symbol:   method getMainRenderTarget()
  location: variable client of type Minecraft
C:\Users\andre\Documents\Programming\Minecraft\Totality\src\main\java\zcylas\totality\client\renderer\energy\SidedOverlayRenderer.java:163: error: cannot find symbol
                        client.getMainRenderTarget().getColorTextureView(),
                              ^
  symbol:   method getMainRenderTarget()
  location: variable client of type Minecraft
C:\Users\andre\Documents\Programming\Minecraft\Totality\src\main\java\zcylas\totality\client\renderer\energy\SidedOverlayRenderer.java:170: error: incompatible types: GpuBuffer cannot be converted to GpuBufferSlice
            renderPass.setVertexBuffer(0, vertices);
                                          ^
C:\Users\andre\Documents\Programming\Minecraft\Totality\src\main\java\zcylas\totality\client\renderer\energy\SidedOverlayRenderer.java:172: error: method drawIndexed in class RenderPass cannot be applied to given types;
            renderPass.drawIndexed(0 / format.getVertexSize(), 0, drawParameters.indexCount(), 1);
                      ^
  required: int,int,int,int,int
  found:    int,int,int,int
  reason: actual and formal argument lists differ in length
C:\Users\andre\Documents\Programming\Minecraft\Totality\src\main\java\zcylas\totality\client\renderer\hud\context\AbilityContextHud.java:20: error: cannot find symbol
        if (client.screen != null) return;
                  ^
  symbol:   variable screen
  location: variable client of type Minecraft
C:\Users\andre\Documents\Programming\Minecraft\Totality\src\main\java\zcylas\totality\client\renderer\hud\MobHealthBarHud.java:77: error: cannot find symbol
            if (mc.player == null || mc.options.hideGui) return;
                                               ^
  symbol:   variable hideGui
  location: variable options of type Options
C:\Users\andre\Documents\Programming\Minecraft\Totality\src\main\java\zcylas\totality\client\renderer\hud\notification\NotificationManager.java:49: error: cannot find symbol
            if (client.player == null || client.options.hideGui) return;
                                                       ^
  symbol:   variable hideGui
  location: variable options of type Options
C:\Users\andre\Documents\Programming\Minecraft\Totality\src\main\java\zcylas\totality\client\renderer\hud\TotalityHudRenderer.java:86: error: cannot find symbol
            if (client.player == null || client.options.hideGui) return;
                                                       ^
  symbol:   variable hideGui
  location: variable options of type Options
C:\Users\andre\Documents\Programming\Minecraft\Totality\src\main\java\zcylas\totality\client\shop\ClientTradeManager.java:19: error: cannot find symbol
            if (mc.screen instanceof TradingScreen) mc.setScreen(null);
                  ^
  symbol:   variable screen
  location: variable mc of type Minecraft
C:\Users\andre\Documents\Programming\Minecraft\Totality\src\main\java\zcylas\totality\client\shop\ClientTradeManager.java:19: error: cannot find symbol
            if (mc.screen instanceof TradingScreen) mc.setScreen(null);
                                                      ^
  symbol:   method setScreen(<null>)
  location: variable mc of type Minecraft
C:\Users\andre\Documents\Programming\Minecraft\Totality\src\main\java\zcylas\totality\client\shop\ClientTradeManager.java:23: error: cannot find symbol
        if (mc.screen instanceof TradingScreen ts) {
              ^
  symbol:   variable screen
  location: variable mc of type Minecraft
C:\Users\andre\Documents\Programming\Minecraft\Totality\src\main\java\zcylas\totality\client\shop\ClientTradeManager.java:26: error: cannot find symbol
            mc.setScreen(new TradingScreen(payload));
              ^
  symbol:   method setScreen(TradingScreen)
  location: variable mc of type Minecraft
C:\Users\andre\Documents\Programming\Minecraft\Totality\src\main\java\zcylas\totality\client\shop\ClientTradeManager.java:32: error: cannot find symbol
        if (mc.screen instanceof TradingScreen ts) {
              ^
  symbol:   variable screen
  location: variable mc of type Minecraft
C:\Users\andre\Documents\Programming\Minecraft\Totality\src\main\java\zcylas\totality\client\shop\ClientTradeManager.java:39: error: cannot find symbol
        if (mc.screen instanceof TradingScreen ts) {
              ^
  symbol:   variable screen
  location: variable mc of type Minecraft
C:\Users\andre\Documents\Programming\Minecraft\Totality\src\main\java\zcylas\totality\datagen\ModBlockLootTableProvider.java:75: error: package net.minecraft.advancements.criterion.StatePropertiesPredicate does not exist
                        .setProperties(net.minecraft.advancements.criterion.StatePropertiesPredicate.Builder
                                                                                                    ^
C:\Users\andre\Documents\Programming\Minecraft\Totality\src\main\java\zcylas\totality\datagen\ModBlockTagProvider.java:21: error: cannot find symbol
        valueLookupBuilder(BlockTags.MINEABLE_WITH_PICKAXE)
        ^
  symbol:   method valueLookupBuilder(TagKey<Block>)
  location: class ModBlockTagProvider
C:\Users\andre\Documents\Programming\Minecraft\Totality\src\main\java\zcylas\totality\datagen\ModBlockTagProvider.java:56: error: cannot find symbol
        valueLookupBuilder(BlockTags.NEEDS_DIAMOND_TOOL)
        ^
  symbol:   method valueLookupBuilder(TagKey<Block>)
  location: class ModBlockTagProvider
C:\Users\andre\Documents\Programming\Minecraft\Totality\src\main\java\zcylas\totality\datagen\ModBlockTagProvider.java:61: error: cannot find symbol
        valueLookupBuilder(BlockTags.MINEABLE_WITH_AXE)
        ^
  symbol:   method valueLookupBuilder(TagKey<Block>)
  location: class ModBlockTagProvider
C:\Users\andre\Documents\Programming\Minecraft\Totality\src\main\java\zcylas\totality\datagen\ModBlockTagProvider.java:65: error: cannot find symbol
        valueLookupBuilder(ModTags.HARVESTABLE)
        ^
  symbol:   method valueLookupBuilder(TagKey<Block>)
  location: class ModBlockTagProvider
C:\Users\andre\Documents\Programming\Minecraft\Totality\src\main\java\zcylas\totality\datagen\ModItemTagProvider.java:29: error: cannot find symbol
        valueLookupBuilder(ModTags.ONE_HANDED_WEAPONS)
        ^
  symbol:   method valueLookupBuilder(TagKey<Item>)
  location: class ModItemTagProvider
C:\Users\andre\Documents\Programming\Minecraft\Totality\src\main\java\zcylas\totality\datagen\ModItemTagProvider.java:48: error: cannot find symbol
        valueLookupBuilder(ModTags.TWO_HANDED_WEAPONS)
        ^
  symbol:   method valueLookupBuilder(TagKey<Item>)
  location: class ModItemTagProvider
C:\Users\andre\Documents\Programming\Minecraft\Totality\src\main\java\zcylas\totality\datagen\ModItemTagProvider.java:60: error: cannot find symbol
        valueLookupBuilder(ModTags.THROWN_WEAPONS)
        ^
  symbol:   method valueLookupBuilder(TagKey<Item>)
  location: class ModItemTagProvider
C:\Users\andre\Documents\Programming\Minecraft\Totality\src\main\java\zcylas\totality\datagen\ModItemTagProvider.java:69: error: cannot find symbol
        valueLookupBuilder(ModTags.TOOLS)
        ^
  symbol:   method valueLookupBuilder(TagKey<Item>)
  location: class ModItemTagProvider
C:\Users\andre\Documents\Programming\Minecraft\Totality\src\main\java\zcylas\totality\datagen\ModItemTagProvider.java:95: error: cannot find symbol
        valueLookupBuilder(ModTags.BOWS)
        ^
  symbol:   method valueLookupBuilder(TagKey<Item>)
  location: class ModItemTagProvider
C:\Users\andre\Documents\Programming\Minecraft\Totality\src\main\java\zcylas\totality\datagen\ModItemTagProvider.java:100: error: cannot find symbol
        valueLookupBuilder(ModTags.CROSSBOWS)
        ^
  symbol:   method valueLookupBuilder(TagKey<Item>)
  location: class ModItemTagProvider
C:\Users\andre\Documents\Programming\Minecraft\Totality\src\main\java\zcylas\totality\datagen\ModItemTagProvider.java:104: error: cannot find symbol
        valueLookupBuilder(ModTags.POTIONS)
        ^
  symbol:   method valueLookupBuilder(TagKey<Item>)
  location: class ModItemTagProvider
C:\Users\andre\Documents\Programming\Minecraft\Totality\src\main\java\zcylas\totality\datagen\ModItemTagProvider.java:144: error: cannot find symbol
        valueLookupBuilder(ModTags.SPECIAL)
        ^
  symbol:   method valueLookupBuilder(TagKey<Item>)
  location: class ModItemTagProvider
C:\Users\andre\Documents\Programming\Minecraft\Totality\src\main\java\zcylas\totality\item\energy\PhoneItem.java:36: error: cannot find symbol
            Minecraft.getInstance().setScreen(setupComplete
                                   ^
  symbol:   method setScreen(setupCompl[...]rame))
  location: class Minecraft
C:\Users\andre\Documents\Programming\Minecraft\Totality\src\main\java\zcylas\totality\init\TotalityKeybindHandlers.java:63: error: cannot find symbol
                        && client.screen == null) {
                                 ^
  symbol:   variable screen
  location: variable client of type Minecraft
C:\Users\andre\Documents\Programming\Minecraft\Totality\src\main\java\zcylas\totality\init\TotalityKeybindHandlers.java:70: error: cannot find symbol
                        client.setScreen(new GrimoireRadialScreen(grimoire));
                              ^
  symbol:   method setScreen(GrimoireRadialScreen)
  location: variable client of type Minecraft
C:\Users\andre\Documents\Programming\Minecraft\Totality\src\main\java\zcylas\totality\init\TotalityKeybindHandlers.java:75: error: cannot find symbol
                if (grimoireWasDown && !grimoireRadialOpened && client.screen == null) {
                                                                      ^
  symbol:   variable screen
  location: variable client of type Minecraft
C:\Users\andre\Documents\Programming\Minecraft\Totality\src\main\java\zcylas\totality\init\TotalityKeybindHandlers.java:83: error: cannot find symbol
                        client.setScreen(new zcylas.totality.screen.character.CharacterScreen(
                              ^
  symbol:   method setScreen(CharacterScreen)
  location: variable client of type Minecraft
C:\Users\andre\Documents\Programming\Minecraft\Totality\src\main\java\zcylas\totality\init\TotalityKeybindHandlers.java:92: error: cannot find symbol
                            client.setScreen(new GrimoireScreen(grimoire));
                                  ^
  symbol:   method setScreen(GrimoireScreen)
  location: variable client of type Minecraft
C:\Users\andre\Documents\Programming\Minecraft\Totality\src\main\java\zcylas\totality\init\TotalityKeybindHandlers.java:107: error: cannot find symbol
                if (client.screen == null) {
                          ^
  symbol:   variable screen
  location: variable client of type Minecraft
C:\Users\andre\Documents\Programming\Minecraft\Totality\src\main\java\zcylas\totality\init\TotalityKeybindHandlers.java:139: error: cannot find symbol
                        && client.screen == null
                                 ^
  symbol:   variable screen
  location: variable client of type Minecraft
C:\Users\andre\Documents\Programming\Minecraft\Totality\src\main\java\zcylas\totality\init\TotalityKeybindHandlers.java:141: error: cannot find symbol
                    client.setScreen(new zcylas.totality.screen.ability.AbilityRadialScreen());
                          ^
  symbol:   method setScreen(AbilityRadialScreen)
  location: variable client of type Minecraft
C:\Users\andre\Documents\Programming\Minecraft\Totality\src\main\java\zcylas\totality\init\TotalityKeybindHandlers.java:145: error: cannot find symbol
                if (abilityWasDown && !abilityRadialOpened && client.screen == null) {
                                                                    ^
  symbol:   variable screen
  location: variable client of type Minecraft
C:\Users\andre\Documents\Programming\Minecraft\Totality\src\main\java\zcylas\totality\init\TotalityKeybindHandlers.java:172: error: cannot find symbol
                        && client.screen == null
                                 ^
  symbol:   variable screen
  location: variable client of type Minecraft
C:\Users\andre\Documents\Programming\Minecraft\Totality\src\main\java\zcylas\totality\init\TotalityKeybindHandlers.java:174: error: cannot find symbol
                    client.setScreen(new zcylas.totality.screen.ability.SpellRadialScreen());
                          ^
  symbol:   method setScreen(SpellRadialScreen)
  location: variable client of type Minecraft
C:\Users\andre\Documents\Programming\Minecraft\Totality\src\main\java\zcylas\totality\init\TotalityKeybindHandlers.java:178: error: cannot find symbol
                if (spellWasDown && !spellRadialOpened && client.screen == null) {
                                                                ^
  symbol:   variable screen
  location: variable client of type Minecraft
C:\Users\andre\Documents\Programming\Minecraft\Totality\src\main\java\zcylas\totality\init\TotalityKeybindHandlers.java:205: error: cannot find symbol
            if (vDown && !blockWasDown && client.screen == null && !blockingActive) {
                                                ^
  symbol:   variable screen
  location: variable client of type Minecraft
C:\Users\andre\Documents\Programming\Minecraft\Totality\src\main\java\zcylas\totality\init\TotalityKeybindHandlers.java:218: error: cannot find symbol
            if (blockingActive && vDown && client.screen == null
                                                 ^
  symbol:   variable screen
  location: variable client of type Minecraft
C:\Users\andre\Documents\Programming\Minecraft\Totality\src\main\java\zcylas\totality\init\TotalityKeybindHandlers.java:226: error: cannot find symbol
            if (blockingActive && (!vDown || client.screen != null)) {
                                                   ^
  symbol:   variable screen
  location: variable client of type Minecraft
C:\Users\andre\Documents\Programming\Minecraft\Totality\src\main\java\zcylas\totality\init\TotalityMovementHandler.java:34: error: cannot find symbol
            if (client.screen != null) {
                      ^
  symbol:   variable screen
  location: variable client of type Minecraft
C:\Users\andre\Documents\Programming\Minecraft\Totality\src\main\java\zcylas\totality\item\magic\rune\effect\HarvestEffect.java:128: error: cannot find symbol
        Vec3 center = pos.getBottomCenter();
                         ^
  symbol:   method getBottomCenter()
  location: variable pos of type BlockPos
C:\Users\andre\Documents\Programming\Minecraft\Totality\src\main\java\zcylas\totality\item\magic\rune\effect\LightningEffect.java:73: error: cannot find symbol
        LightningBolt bolt = EntityType.LIGHTNING_BOLT.create(level,
                                       ^
  symbol:   variable LIGHTNING_BOLT
  location: class EntityType
C:\Users\andre\Documents\Programming\Minecraft\Totality\src\main\java\zcylas\totality\mixin\client\LocalPlayerContainerMixin.java:34: error: cannot find symbol
        if (mc.screen instanceof AccessoryInventoryScreen || mc.screen instanceof InventoryScreen) {
              ^
  symbol:   variable screen
  location: variable mc of type Minecraft
C:\Users\andre\Documents\Programming\Minecraft\Totality\src\main\java\zcylas\totality\mixin\client\LocalPlayerContainerMixin.java:34: error: cannot find symbol
        if (mc.screen instanceof AccessoryInventoryScreen || mc.screen instanceof InventoryScreen) {
                                                               ^
  symbol:   variable screen
  location: variable mc of type Minecraft
C:\Users\andre\Documents\Programming\Minecraft\Totality\src\main\java\zcylas\totality\mixin\client\LocalPlayerContainerMixin.java:37: error: cannot find symbol
        mc.setScreen(screen);
          ^
  symbol:   method setScreen(Screen)
  location: variable mc of type Minecraft
Note: Some input files use or override a deprecated API.
Note: Recompile with -Xlint:deprecation for details.
Note: Some messages have been simplified; recompile with -Xdiags:verbose to get full output
100 errors

> Task :compileJava FAILED

[Incubating] Problems report is available at: file:///C:/Users/andre/Documents/Programming/Minecraft/Totality/build/reports/problems/problems-report.html

FAILURE: Build failed with an exception.

* What went wrong:
Execution failed for task ':compileJava' (registered by plugin class 'org.gradle.api.plugins.JavaBasePlugin').
> Compilation failed; see the compiler output below.
  C:\Users\andre\Documents\Programming\Minecraft\Totality\src\main\java\zcylas\totality\client\renderer\ability\HeatVisionBeamRenderer.java:282: error: method drawIndexed in class RenderPass cannot be applied to given types;
              pass.drawIndexed(0, 0, drawState.indexCount(), 1);
                  ^
    required: int,int,int,int,int
    found:    int,int,int,int
    reason: actual and formal argument lists differ in length
  C:\Users\andre\Documents\Programming\Minecraft\Totality\src\main\java\zcylas\totality\client\renderer\energy\SidedOverlayRenderer.java:172: error: method drawIndexed in class RenderPass cannot be applied to given types;
              renderPass.drawIndexed(0 / format.getVertexSize(), 0, drawParameters.indexCount(), 1);
                        ^
    required: int,int,int,int,int
    found:    int,int,int,int
    reason: actual and formal argument lists differ in length
  Note: Recompile with -Xlint:deprecation for details.
  C:\Users\andre\Documents\Programming\Minecraft\Totality\src\main\java\zcylas\totality\client\renderer\ability\HeatVisionBeamRenderer.java:280: error: incompatible types: GpuBuffer cannot be converted to GpuBufferSlice
              pass.setVertexBuffer(0, vertices);
                                      ^
  C:\Users\andre\Documents\Programming\Minecraft\Totality\src\main\java\zcylas\totality\client\renderer\energy\SidedOverlayRenderer.java:170: error: incompatible types: GpuBuffer cannot be converted to GpuBufferSlice
              renderPass.setVertexBuffer(0, vertices);
                                            ^
  C:\Users\andre\Documents\Programming\Minecraft\Totality\src\main\java\zcylas\totality\api\ability\impl\VeinminerAbility.java:243: error: cannot find symbol
          return state.is(BlockTags.COAL_ORES)
                                   ^
    symbol:   variable COAL_ORES
    location: class BlockTags
  C:\Users\andre\Documents\Programming\Minecraft\Totality\src\main\java\zcylas\totality\api\ability\impl\VeinminerAbility.java:247: error: cannot find symbol
                  || state.is(BlockTags.DIAMOND_ORES)
                                       ^
    symbol:   variable DIAMOND_ORES
    location: class BlockTags
  C:\Users\andre\Documents\Programming\Minecraft\Totality\src\main\java\zcylas\totality\api\ability\impl\VeinminerAbility.java:248: error: cannot find symbol
                  || state.is(BlockTags.EMERALD_ORES)
                                       ^
    symbol:   variable EMERALD_ORES
    location: class BlockTags
  C:\Users\andre\Documents\Programming\Minecraft\Totality\src\main\java\zcylas\totality\api\ability\impl\VeinminerAbility.java:249: error: cannot find symbol
                  || state.is(BlockTags.LAPIS_ORES)
                                       ^
    symbol:   variable LAPIS_ORES
    location: class BlockTags
  C:\Users\andre\Documents\Programming\Minecraft\Totality\src\main\java\zcylas\totality\api\ability\impl\VeinminerAbility.java:250: error: cannot find symbol
                  || state.is(BlockTags.REDSTONE_ORES)
                                       ^
    symbol:   variable REDSTONE_ORES
    location: class BlockTags
  C:\Users\andre\Documents\Programming\Minecraft\Totality\src\main\java\zcylas\totality\api\ability\kryptonian\HeatVisionAbility.java:185: error: cannot find symbol
              if (state.is(BlockTags.LOGS_THAT_BURN)
                                    ^
    symbol:   variable LOGS_THAT_BURN
    location: class BlockTags
  C:\Users\andre\Documents\Programming\Minecraft\Totality\src\main\java\zcylas\totality\api\client\gui\TotalityGuiRenderer.java:44: error: cannot find symbol
                          .withVertexFormat(DefaultVertexFormat.POSITION_COLOR, VertexFormat.Mode.QUADS)
                                                                                            ^
    symbol:   variable Mode
    location: class VertexFormat
  C:\Users\andre\Documents\Programming\Minecraft\Totality\src\main\java\zcylas\totality\api\rpg\skills\mining\MiningXpTable.java:56: error: cannot find symbol
          tag(BlockTags.DIAMOND_ORES,             30);
                       ^
    symbol:   variable DIAMOND_ORES
    location: class BlockTags
  C:\Users\andre\Documents\Programming\Minecraft\Totality\src\main\java\zcylas\totality\api\rpg\skills\mining\MiningXpTable.java:57: error: cannot find symbol
          tag(BlockTags.EMERALD_ORES,             30);
                       ^
    symbol:   variable EMERALD_ORES
    location: class BlockTags
  C:\Users\andre\Documents\Programming\Minecraft\Totality\src\main\java\zcylas\totality\api\rpg\skills\mining\MiningXpTable.java:59: error: cannot find symbol
          tag(BlockTags.REDSTONE_ORES,            20);
                       ^
    symbol:   variable REDSTONE_ORES
    location: class BlockTags
  C:\Users\andre\Documents\Programming\Minecraft\Totality\src\main\java\zcylas\totality\api\rpg\skills\mining\MiningXpTable.java:60: error: cannot find symbol
          tag(BlockTags.LAPIS_ORES,               20);
                       ^
    symbol:   variable LAPIS_ORES
    location: class BlockTags
  C:\Users\andre\Documents\Programming\Minecraft\Totality\src\main\java\zcylas\totality\api\rpg\skills\mining\MiningXpTable.java:63: error: cannot find symbol
          tag(BlockTags.COAL_ORES,                10);
                       ^
    symbol:   variable COAL_ORES
    location: class BlockTags
  C:\Users\andre\Documents\Programming\Minecraft\Totality\src\main\java\zcylas\totality\api\rpg\skills\mining\ProspectorGemTable.java:49: error: cannot find symbol
          tagDrop(BlockTags.DIAMOND_ORES,       Items.DIAMOND,  0.10f);
                           ^
    symbol:   variable DIAMOND_ORES
    location: class BlockTags
  C:\Users\andre\Documents\Programming\Minecraft\Totality\src\main\java\zcylas\totality\api\rpg\skills\mining\ProspectorGemTable.java:50: error: cannot find symbol
          tagDrop(BlockTags.EMERALD_ORES,       Items.EMERALD,  0.10f);
                           ^
    symbol:   variable EMERALD_ORES
    location: class BlockTags
  C:\Users\andre\Documents\Programming\Minecraft\Totality\src\main\java\zcylas\totality\client\dialogue\ClientDialogueManager.java:21: error: cannot find symbol
              if (mc.screen instanceof DialogueScreen) mc.setScreen(null);
                    ^
    symbol:   variable screen
    location: variable mc of type Minecraft
  C:\Users\andre\Documents\Programming\Minecraft\Totality\src\main\java\zcylas\totality\client\dialogue\ClientDialogueManager.java:26: error: cannot find symbol
          if (mc.screen instanceof DialogueScreen ds) {
                ^
    symbol:   variable screen
    location: variable mc of type Minecraft
  C:\Users\andre\Documents\Programming\Minecraft\Totality\src\main\java\zcylas\totality\client\dialogue\ClientDialogueManager.java:28: error: cannot find symbol
          } else if (mc.screen instanceof DiceRollScreen) {
                       ^
    symbol:   variable screen
    location: variable mc of type Minecraft
  C:\Users\andre\Documents\Programming\Minecraft\Totality\src\main\java\zcylas\totality\client\economy\ClientBankTellerManager.java:13: error: cannot find symbol
          if (mc.screen instanceof BankTellerScreen screen) {
                ^
    symbol:   variable screen
    location: variable mc of type Minecraft
  C:\Users\andre\Documents\Programming\Minecraft\Totality\src\main\java\zcylas\totality\client\hud\resource\SecondaryResourceHud.java:22: error: cannot find symbol
              if (client.player == null || client.options.hideGui) return;
                                                         ^
    symbol:   variable hideGui
    location: variable options of type Options
  C:\Users\andre\Documents\Programming\Minecraft\Totality\src\main\java\zcylas\totality\client\hud\rest\RestHud.java:23: error: cannot find symbol
              if (client.player == null || client.options.hideGui) return;
                                                         ^
    symbol:   variable hideGui
    location: variable options of type Options
  C:\Users\andre\Documents\Programming\Minecraft\Totality\src\main\java\zcylas\totality\client\item\AttunementClientManager.java:28: error: cannot find symbol
          if (client.player == null || client.screen == null) { reset(); return; }
                                             ^
    symbol:   variable screen
    location: variable client of type Minecraft
  C:\Users\andre\Documents\Programming\Minecraft\Totality\src\main\java\zcylas\totality\client\item\AttunementClientManager.java:78: error: cannot find symbol
          if (client.screen instanceof net.minecraft.client.gui.screens.inventory.AbstractContainerScreen<?> screen) {
                    ^
    symbol:   variable screen
    location: variable client of type Minecraft
  C:\Users\andre\Documents\Programming\Minecraft\Totality\src\main\java\zcylas\totality\client\item\AttunementClientManager.java:87: error: cannot find symbol
          if (client.screen instanceof net.minecraft.client.gui.screens.inventory.AbstractContainerScreen<?> screen) {
                    ^
    symbol:   variable screen
    location: variable client of type Minecraft
  C:\Users\andre\Documents\Programming\Minecraft\Totality\src\main\java\zcylas\totality\client\quest\ClientQuestManager.java:39: error: cannot find symbol
          if (mc.screen instanceof QuestScreen qs) {
                ^
    symbol:   variable screen
    location: variable mc of type Minecraft
  C:\Users\andre\Documents\Programming\Minecraft\Totality\src\main\java\zcylas\totality\client\quest\QuestTrackerHud.java:33: error: cannot find symbol
              if (mc.player == null || mc.options.hideGui) return;
                                                 ^
    symbol:   variable hideGui
    location: variable options of type Options
  C:\Users\andre\Documents\Programming\Minecraft\Totality\src\main\java\zcylas\totality\client\renderer\ability\HeatVisionBeamRenderer.java:254: error: cannot find symbol
          try (GpuBuffer.MappedView view = encoder.mapBuffer(
                        ^
    symbol:   class MappedView
    location: class GpuBuffer
  C:\Users\andre\Documents\Programming\Minecraft\Totality\src\main\java\zcylas\totality\client\renderer\energy\SidedOverlayRenderer.java:137: error: cannot find symbol
          try (GpuBuffer.MappedView mappedView = commandEncoder.mapBuffer(vertexBuffer.currentBuffer().slice(0, builtBuffer.vertexBuffer().remaining()), false, true)) {
                        ^
    symbol:   class MappedView
    location: class GpuBuffer
  C:\Users\andre\Documents\Programming\Minecraft\Totality\src\main\java\zcylas\totality\client\renderer\energy\SidedOverlayRenderer.java:143: error: cannot find symbol
          VertexFormat.IndexType indexType;
                      ^
    symbol:   class IndexType
    location: class VertexFormat
  C:\Users\andre\Documents\Programming\Minecraft\Totality\src\main\java\zcylas\totality\client\renderer\energy\SidedOverlayRenderer.java:145: error: cannot find symbol
          if (PIPELINE.getVertexFormatMode() == VertexFormat.Mode.QUADS) {
                                                            ^
    symbol:   variable Mode
    location: class VertexFormat
  C:\Users\andre\Documents\Programming\Minecraft\Totality\src\main\java\zcylas\totality\client\renderer\hud\context\AbilityContextHud.java:20: error: cannot find symbol
          if (client.screen != null) return;
                    ^
    symbol:   variable screen
    location: variable client of type Minecraft
  C:\Users\andre\Documents\Programming\Minecraft\Totality\src\main\java\zcylas\totality\client\renderer\hud\MobHealthBarHud.java:77: error: cannot find symbol
              if (mc.player == null || mc.options.hideGui) return;
                                                 ^
    symbol:   variable hideGui
    location: variable options of type Options
  C:\Users\andre\Documents\Programming\Minecraft\Totality\src\main\java\zcylas\totality\client\renderer\hud\notification\NotificationManager.java:49: error: cannot find symbol
              if (client.player == null || client.options.hideGui) return;
                                                         ^
    symbol:   variable hideGui
    location: variable options of type Options
  C:\Users\andre\Documents\Programming\Minecraft\Totality\src\main\java\zcylas\totality\client\renderer\hud\TotalityHudRenderer.java:86: error: cannot find symbol
              if (client.player == null || client.options.hideGui) return;
                                                         ^
    symbol:   variable hideGui
    location: variable options of type Options
  C:\Users\andre\Documents\Programming\Minecraft\Totality\src\main\java\zcylas\totality\client\shop\ClientTradeManager.java:19: error: cannot find symbol
              if (mc.screen instanceof TradingScreen) mc.setScreen(null);
                    ^
    symbol:   variable screen
    location: variable mc of type Minecraft
  C:\Users\andre\Documents\Programming\Minecraft\Totality\src\main\java\zcylas\totality\client\shop\ClientTradeManager.java:23: error: cannot find symbol
          if (mc.screen instanceof TradingScreen ts) {
                ^
    symbol:   variable screen
    location: variable mc of type Minecraft
  C:\Users\andre\Documents\Programming\Minecraft\Totality\src\main\java\zcylas\totality\client\shop\ClientTradeManager.java:32: error: cannot find symbol
          if (mc.screen instanceof TradingScreen ts) {
                ^
    symbol:   variable screen
    location: variable mc of type Minecraft
  C:\Users\andre\Documents\Programming\Minecraft\Totality\src\main\java\zcylas\totality\client\shop\ClientTradeManager.java:39: error: cannot find symbol
          if (mc.screen instanceof TradingScreen ts) {
                ^
    symbol:   variable screen
    location: variable mc of type Minecraft
  C:\Users\andre\Documents\Programming\Minecraft\Totality\src\main\java\zcylas\totality\init\TotalityKeybindHandlers.java:63: error: cannot find symbol
                          && client.screen == null) {
                                   ^
    symbol:   variable screen
    location: variable client of type Minecraft
  C:\Users\andre\Documents\Programming\Minecraft\Totality\src\main\java\zcylas\totality\init\TotalityKeybindHandlers.java:75: error: cannot find symbol
                  if (grimoireWasDown && !grimoireRadialOpened && client.screen == null) {
                                                                        ^
    symbol:   variable screen
    location: variable client of type Minecraft
  C:\Users\andre\Documents\Programming\Minecraft\Totality\src\main\java\zcylas\totality\init\TotalityKeybindHandlers.java:107: error: cannot find symbol
                  if (client.screen == null) {
                            ^
    symbol:   variable screen
    location: variable client of type Minecraft
  C:\Users\andre\Documents\Programming\Minecraft\Totality\src\main\java\zcylas\totality\init\TotalityKeybindHandlers.java:139: error: cannot find symbol
                          && client.screen == null
                                   ^
    symbol:   variable screen
    location: variable client of type Minecraft
  C:\Users\andre\Documents\Programming\Minecraft\Totality\src\main\java\zcylas\totality\init\TotalityKeybindHandlers.java:145: error: cannot find symbol
                  if (abilityWasDown && !abilityRadialOpened && client.screen == null) {
                                                                      ^
    symbol:   variable screen
    location: variable client of type Minecraft
  C:\Users\andre\Documents\Programming\Minecraft\Totality\src\main\java\zcylas\totality\init\TotalityKeybindHandlers.java:172: error: cannot find symbol
                          && client.screen == null
                                   ^
    symbol:   variable screen
    location: variable client of type Minecraft
  C:\Users\andre\Documents\Programming\Minecraft\Totality\src\main\java\zcylas\totality\init\TotalityKeybindHandlers.java:178: error: cannot find symbol
                  if (spellWasDown && !spellRadialOpened && client.screen == null) {
                                                                  ^
    symbol:   variable screen
    location: variable client of type Minecraft
  C:\Users\andre\Documents\Programming\Minecraft\Totality\src\main\java\zcylas\totality\init\TotalityKeybindHandlers.java:205: error: cannot find symbol
              if (vDown && !blockWasDown && client.screen == null && !blockingActive) {
                                                  ^
    symbol:   variable screen
    location: variable client of type Minecraft
  C:\Users\andre\Documents\Programming\Minecraft\Totality\src\main\java\zcylas\totality\init\TotalityKeybindHandlers.java:218: error: cannot find symbol
              if (blockingActive && vDown && client.screen == null
                                                   ^
    symbol:   variable screen
    location: variable client of type Minecraft
  C:\Users\andre\Documents\Programming\Minecraft\Totality\src\main\java\zcylas\totality\init\TotalityKeybindHandlers.java:226: error: cannot find symbol
              if (blockingActive && (!vDown || client.screen != null)) {
                                                     ^
    symbol:   variable screen
    location: variable client of type Minecraft
  C:\Users\andre\Documents\Programming\Minecraft\Totality\src\main\java\zcylas\totality\init\TotalityMovementHandler.java:34: error: cannot find symbol
              if (client.screen != null) {
                        ^
    symbol:   variable screen
    location: variable client of type Minecraft
  C:\Users\andre\Documents\Programming\Minecraft\Totality\src\main\java\zcylas\totality\item\magic\rune\effect\LightningEffect.java:73: error: cannot find symbol
          LightningBolt bolt = EntityType.LIGHTNING_BOLT.create(level,
                                         ^
    symbol:   variable LIGHTNING_BOLT
    location: class EntityType
  C:\Users\andre\Documents\Programming\Minecraft\Totality\src\main\java\zcylas\totality\mixin\client\LocalPlayerContainerMixin.java:34: error: cannot find symbol
          if (mc.screen instanceof AccessoryInventoryScreen || mc.screen instanceof InventoryScreen) {
                ^
    symbol:   variable screen
    location: variable mc of type Minecraft
  C:\Users\andre\Documents\Programming\Minecraft\Totality\src\main\java\zcylas\totality\mixin\client\LocalPlayerContainerMixin.java:34: error: cannot find symbol
          if (mc.screen instanceof AccessoryInventoryScreen || mc.screen instanceof InventoryScreen) {
                                                                 ^
    symbol:   variable screen
    location: variable mc of type Minecraft
  Note: Some input files use or override a deprecated API.
  Note: Some messages have been simplified; recompile with -Xdiags:verbose to get full output
  C:\Users\andre\Documents\Programming\Minecraft\Totality\src\main\java\zcylas\totality\datagen\ModBlockLootTableProvider.java:75: error: package net.minecraft.advancements.criterion.StatePropertiesPredicate does not exist
                          .setProperties(net.minecraft.advancements.criterion.StatePropertiesPredicate.Builder
                                                                                                      ^
  C:\Users\andre\Documents\Programming\Minecraft\Totality\src\main\java\zcylas\totality\client\dialogue\ClientDialogueManager.java:21: error: cannot find symbol
              if (mc.screen instanceof DialogueScreen) mc.setScreen(null);
                                                         ^
    symbol:   method setScreen(<null>)
    location: variable mc of type Minecraft
  C:\Users\andre\Documents\Programming\Minecraft\Totality\src\main\java\zcylas\totality\client\dialogue\ClientDialogueManager.java:31: error: cannot find symbol
              mc.setScreen(new DialogueScreen(payload));
                ^
    symbol:   method setScreen(DialogueScreen)
    location: variable mc of type Minecraft
  C:\Users\andre\Documents\Programming\Minecraft\Totality\src\main\java\zcylas\totality\client\dialogue\ClientDialogueManager.java:48: error: cannot find symbol
                  Minecraft.getInstance().setScreen(new DialogueScreen(update));
                                         ^
    symbol:   method setScreen(DialogueScreen)
    location: class Minecraft
  C:\Users\andre\Documents\Programming\Minecraft\Totality\src\main\java\zcylas\totality\client\economy\ClientBankTellerManager.java:16: error: cannot find symbol
              mc.setScreen(new BankTellerScreen(payload));
                ^
    symbol:   method setScreen(BankTellerScreen)
    location: variable mc of type Minecraft
  C:\Users\andre\Documents\Programming\Minecraft\Totality\src\main\java\zcylas\totality\client\quest\ClientQuestManager.java:43: error: cannot find symbol
              mc.setScreen(new QuestScreen(payload, pendingFrame));
                ^
    symbol:   method setScreen(QuestScreen)
    location: variable mc of type Minecraft
  C:\Users\andre\Documents\Programming\Minecraft\Totality\src\main\java\zcylas\totality\client\renderer\ability\HeatVisionBeamRenderer.java:140: error: cannot find symbol
                  ALLOCATOR, PIPELINE.getVertexFormatMode(), PIPELINE.getVertexFormat());
                                     ^
    symbol:   method getVertexFormatMode()
    location: variable PIPELINE of type RenderPipeline
  C:\Users\andre\Documents\Programming\Minecraft\Totality\src\main\java\zcylas\totality\client\renderer\ability\HeatVisionBeamRenderer.java:140: error: cannot find symbol
                  ALLOCATOR, PIPELINE.getVertexFormatMode(), PIPELINE.getVertexFormat());
                                                                     ^
    symbol:   method getVertexFormat()
    location: variable PIPELINE of type RenderPipeline
  C:\Users\andre\Documents\Programming\Minecraft\Totality\src\main\java\zcylas\totality\client\renderer\ability\HeatVisionBeamRenderer.java:254: error: cannot find symbol
          try (GpuBuffer.MappedView view = encoder.mapBuffer(
                                                  ^
    symbol:   method mapBuffer(GpuBufferSlice,boolean,boolean)
    location: variable encoder of type CommandEncoder
  C:\Users\andre\Documents\Programming\Minecraft\Totality\src\main\java\zcylas\totality\client\renderer\ability\HeatVisionBeamRenderer.java:262: error: cannot find symbol
                  RenderSystem.getSequentialBuffer(PIPELINE.getVertexFormatMode());
                                                           ^
    symbol:   method getVertexFormatMode()
    location: variable PIPELINE of type RenderPipeline
  C:\Users\andre\Documents\Programming\Minecraft\Totality\src\main\java\zcylas\totality\client\renderer\ability\HeatVisionBeamRenderer.java:275: error: cannot find symbol
                          mc.getMainRenderTarget().getDepthTextureView(),
                            ^
    symbol:   method getMainRenderTarget()
    location: variable mc of type Minecraft
  C:\Users\andre\Documents\Programming\Minecraft\Totality\src\main\java\zcylas\totality\client\renderer\ability\HeatVisionBeamRenderer.java:273: error: cannot find symbol
                          mc.getMainRenderTarget().getColorTextureView(),
                            ^
    symbol:   method getMainRenderTarget()
    location: variable mc of type Minecraft
  C:\Users\andre\Documents\Programming\Minecraft\Totality\src\main\java\zcylas\totality\client\renderer\energy\SidedOverlayRenderer.java:73: error: cannot find symbol
                  BufferBuilder buffer = new BufferBuilder(ALLOCATOR, PIPELINE.getVertexFormatMode(), PIPELINE.getVertexFormat());
                                                                              ^
    symbol:   method getVertexFormatMode()
    location: variable PIPELINE of type RenderPipeline
  C:\Users\andre\Documents\Programming\Minecraft\Totality\src\main\java\zcylas\totality\client\renderer\energy\SidedOverlayRenderer.java:73: error: cannot find symbol
                  BufferBuilder buffer = new BufferBuilder(ALLOCATOR, PIPELINE.getVertexFormatMode(), PIPELINE.getVertexFormat());
                                                                                                              ^
    symbol:   method getVertexFormat()
    location: variable PIPELINE of type RenderPipeline
  C:\Users\andre\Documents\Programming\Minecraft\Totality\src\main\java\zcylas\totality\client\renderer\energy\SidedOverlayRenderer.java:103: error: cannot find symbol
                  BufferBuilder buffer = new BufferBuilder(ALLOCATOR, PIPELINE.getVertexFormatMode(), PIPELINE.getVertexFormat());
                                                                              ^
    symbol:   method getVertexFormatMode()
    location: variable PIPELINE of type RenderPipeline
  C:\Users\andre\Documents\Programming\Minecraft\Totality\src\main\java\zcylas\totality\client\renderer\energy\SidedOverlayRenderer.java:103: error: cannot find symbol
                  BufferBuilder buffer = new BufferBuilder(ALLOCATOR, PIPELINE.getVertexFormatMode(), PIPELINE.getVertexFormat());
                                                                                                              ^
    symbol:   method getVertexFormat()
    location: variable PIPELINE of type RenderPipeline
  C:\Users\andre\Documents\Programming\Minecraft\Totality\src\main\java\zcylas\totality\client\renderer\energy\SidedOverlayRenderer.java:137: error: cannot find symbol
          try (GpuBuffer.MappedView mappedView = commandEncoder.mapBuffer(vertexBuffer.currentBuffer().slice(0, builtBuffer.vertexBuffer().remaining()), false, true)) {
                                                               ^
    symbol:   method mapBuffer(GpuBufferSlice,boolean,boolean)
    location: variable commandEncoder of type CommandEncoder
  C:\Users\andre\Documents\Programming\Minecraft\Totality\src\main\java\zcylas\totality\client\renderer\energy\SidedOverlayRenderer.java:145: error: cannot find symbol
          if (PIPELINE.getVertexFormatMode() == VertexFormat.Mode.QUADS) {
                      ^
    symbol:   method getVertexFormatMode()
    location: variable PIPELINE of type RenderPipeline
  C:\Users\andre\Documents\Programming\Minecraft\Totality\src\main\java\zcylas\totality\client\renderer\energy\SidedOverlayRenderer.java:147: error: cannot find symbol
              indices = PIPELINE.getVertexFormat().uploadImmediateIndexBuffer(builtBuffer.indexBuffer());
                                ^
    symbol:   method getVertexFormat()
    location: variable PIPELINE of type RenderPipeline
  C:\Users\andre\Documents\Programming\Minecraft\Totality\src\main\java\zcylas\totality\client\renderer\energy\SidedOverlayRenderer.java:150: error: cannot find symbol
              RenderSystem.AutoStorageIndexBuffer shapeIndexBuffer = RenderSystem.getSequentialBuffer(PIPELINE.getVertexFormatMode());
                                                                                                              ^
    symbol:   method getVertexFormatMode()
    location: variable PIPELINE of type RenderPipeline
  C:\Users\andre\Documents\Programming\Minecraft\Totality\src\main\java\zcylas\totality\client\renderer\energy\SidedOverlayRenderer.java:156: error: cannot find symbol
                  .writeTransform(RenderSystem.getModelViewMatrix(),
                                              ^
    symbol:   method getModelViewMatrix()
    location: class RenderSystem
  C:\Users\andre\Documents\Programming\Minecraft\Totality\src\main\java\zcylas\totality\client\renderer\energy\SidedOverlayRenderer.java:165: error: cannot find symbol
                          client.getMainRenderTarget().getDepthTextureView(),
                                ^
    symbol:   method getMainRenderTarget()
    location: variable client of type Minecraft
  C:\Users\andre\Documents\Programming\Minecraft\Totality\src\main\java\zcylas\totality\client\renderer\energy\SidedOverlayRenderer.java:163: error: cannot find symbol
                          client.getMainRenderTarget().getColorTextureView(),
                                ^
    symbol:   method getMainRenderTarget()
    location: variable client of type Minecraft
  C:\Users\andre\Documents\Programming\Minecraft\Totality\src\main\java\zcylas\totality\client\shop\ClientTradeManager.java:19: error: cannot find symbol
              if (mc.screen instanceof TradingScreen) mc.setScreen(null);
                                                        ^
    symbol:   method setScreen(<null>)
    location: variable mc of type Minecraft
  C:\Users\andre\Documents\Programming\Minecraft\Totality\src\main\java\zcylas\totality\client\shop\ClientTradeManager.java:26: error: cannot find symbol
              mc.setScreen(new TradingScreen(payload));
                ^
    symbol:   method setScreen(TradingScreen)
    location: variable mc of type Minecraft
  C:\Users\andre\Documents\Programming\Minecraft\Totality\src\main\java\zcylas\totality\datagen\ModBlockTagProvider.java:21: error: cannot find symbol
          valueLookupBuilder(BlockTags.MINEABLE_WITH_PICKAXE)
          ^
    symbol:   method valueLookupBuilder(TagKey<Block>)
    location: class ModBlockTagProvider
  C:\Users\andre\Documents\Programming\Minecraft\Totality\src\main\java\zcylas\totality\datagen\ModBlockTagProvider.java:56: error: cannot find symbol
          valueLookupBuilder(BlockTags.NEEDS_DIAMOND_TOOL)
          ^
    symbol:   method valueLookupBuilder(TagKey<Block>)
    location: class ModBlockTagProvider
  C:\Users\andre\Documents\Programming\Minecraft\Totality\src\main\java\zcylas\totality\datagen\ModBlockTagProvider.java:61: error: cannot find symbol
          valueLookupBuilder(BlockTags.MINEABLE_WITH_AXE)
          ^
    symbol:   method valueLookupBuilder(TagKey<Block>)
    location: class ModBlockTagProvider
  C:\Users\andre\Documents\Programming\Minecraft\Totality\src\main\java\zcylas\totality\datagen\ModBlockTagProvider.java:65: error: cannot find symbol
          valueLookupBuilder(ModTags.HARVESTABLE)
          ^
    symbol:   method valueLookupBuilder(TagKey<Block>)
    location: class ModBlockTagProvider
  C:\Users\andre\Documents\Programming\Minecraft\Totality\src\main\java\zcylas\totality\datagen\ModItemTagProvider.java:29: error: cannot find symbol
          valueLookupBuilder(ModTags.ONE_HANDED_WEAPONS)
          ^
    symbol:   method valueLookupBuilder(TagKey<Item>)
    location: class ModItemTagProvider
  C:\Users\andre\Documents\Programming\Minecraft\Totality\src\main\java\zcylas\totality\datagen\ModItemTagProvider.java:48: error: cannot find symbol
          valueLookupBuilder(ModTags.TWO_HANDED_WEAPONS)
          ^
    symbol:   method valueLookupBuilder(TagKey<Item>)
    location: class ModItemTagProvider
  C:\Users\andre\Documents\Programming\Minecraft\Totality\src\main\java\zcylas\totality\datagen\ModItemTagProvider.java:60: error: cannot find symbol
          valueLookupBuilder(ModTags.THROWN_WEAPONS)
          ^
    symbol:   method valueLookupBuilder(TagKey<Item>)
    location: class ModItemTagProvider
  C:\Users\andre\Documents\Programming\Minecraft\Totality\src\main\java\zcylas\totality\datagen\ModItemTagProvider.java:69: error: cannot find symbol
          valueLookupBuilder(ModTags.TOOLS)
          ^
    symbol:   method valueLookupBuilder(TagKey<Item>)
    location: class ModItemTagProvider
  C:\Users\andre\Documents\Programming\Minecraft\Totality\src\main\java\zcylas\totality\datagen\ModItemTagProvider.java:95: error: cannot find symbol
          valueLookupBuilder(ModTags.BOWS)
          ^
    symbol:   method valueLookupBuilder(TagKey<Item>)
    location: class ModItemTagProvider
  C:\Users\andre\Documents\Programming\Minecraft\Totality\src\main\java\zcylas\totality\datagen\ModItemTagProvider.java:100: error: cannot find symbol
          valueLookupBuilder(ModTags.CROSSBOWS)
          ^
    symbol:   method valueLookupBuilder(TagKey<Item>)
    location: class ModItemTagProvider
  C:\Users\andre\Documents\Programming\Minecraft\Totality\src\main\java\zcylas\totality\datagen\ModItemTagProvider.java:104: error: cannot find symbol
          valueLookupBuilder(ModTags.POTIONS)
          ^
    symbol:   method valueLookupBuilder(TagKey<Item>)
    location: class ModItemTagProvider
  C:\Users\andre\Documents\Programming\Minecraft\Totality\src\main\java\zcylas\totality\datagen\ModItemTagProvider.java:144: error: cannot find symbol
          valueLookupBuilder(ModTags.SPECIAL)
          ^
    symbol:   method valueLookupBuilder(TagKey<Item>)
    location: class ModItemTagProvider
  C:\Users\andre\Documents\Programming\Minecraft\Totality\src\main\java\zcylas\totality\item\energy\PhoneItem.java:36: error: cannot find symbol
              Minecraft.getInstance().setScreen(setupComplete
                                     ^
    symbol:   method setScreen(setupCompl[...]rame))
    location: class Minecraft
  C:\Users\andre\Documents\Programming\Minecraft\Totality\src\main\java\zcylas\totality\init\TotalityKeybindHandlers.java:70: error: cannot find symbol
                          client.setScreen(new GrimoireRadialScreen(grimoire));
                                ^
    symbol:   method setScreen(GrimoireRadialScreen)
    location: variable client of type Minecraft
  C:\Users\andre\Documents\Programming\Minecraft\Totality\src\main\java\zcylas\totality\init\TotalityKeybindHandlers.java:83: error: cannot find symbol
                          client.setScreen(new zcylas.totality.screen.character.CharacterScreen(
                                ^
    symbol:   method setScreen(CharacterScreen)
    location: variable client of type Minecraft
  C:\Users\andre\Documents\Programming\Minecraft\Totality\src\main\java\zcylas\totality\init\TotalityKeybindHandlers.java:92: error: cannot find symbol
                              client.setScreen(new GrimoireScreen(grimoire));
                                    ^
    symbol:   method setScreen(GrimoireScreen)
    location: variable client of type Minecraft
  C:\Users\andre\Documents\Programming\Minecraft\Totality\src\main\java\zcylas\totality\init\TotalityKeybindHandlers.java:141: error: cannot find symbol
                      client.setScreen(new zcylas.totality.screen.ability.AbilityRadialScreen());
                            ^
    symbol:   method setScreen(AbilityRadialScreen)
    location: variable client of type Minecraft
  C:\Users\andre\Documents\Programming\Minecraft\Totality\src\main\java\zcylas\totality\init\TotalityKeybindHandlers.java:174: error: cannot find symbol
                      client.setScreen(new zcylas.totality.screen.ability.SpellRadialScreen());
                            ^
    symbol:   method setScreen(SpellRadialScreen)
    location: variable client of type Minecraft
  C:\Users\andre\Documents\Programming\Minecraft\Totality\src\main\java\zcylas\totality\item\magic\rune\effect\HarvestEffect.java:128: error: cannot find symbol
          Vec3 center = pos.getBottomCenter();
                           ^
    symbol:   method getBottomCenter()
    location: variable pos of type BlockPos
  C:\Users\andre\Documents\Programming\Minecraft\Totality\src\main\java\zcylas\totality\mixin\client\LocalPlayerContainerMixin.java:37: error: cannot find symbol
          mc.setScreen(screen);
            ^
    symbol:   method setScreen(Screen)
    location: variable mc of type Minecraft
  100 errors

* Try:
> Check your code and dependencies to fix the compilation error(s)
> Run with --scan to get full insights from a Build Scan (powered by Develocity).

BUILD FAILED in 8s
1 actionable task: 1 executed
