
> Configure project :
Fabric Loom: 1.17.14

> Task :compileJava
> Task :processResources UP-TO-DATE
> Task :classes
> Task :generateLog4jConfig UP-TO-DATE
> Task :generateDLIConfig UP-TO-DATE
> Task :configureLaunch UP-TO-DATE
> Task :downloadAssets UP-TO-DATE
> Task :configureClientLaunch UP-TO-DATE

> Task :runDatagen
[10:28:25] [main/INFO] (FabricLoader/GameProvider) Loading Minecraft 26.2 with Fabric Loader 0.19.3
[10:28:25] [main/INFO] (FabricLoader/Mappings) Mappings not present!
[10:28:25] [main/INFO] (FabricLoader) Loading 51 mods:
	- fabric-api 0.154.2+26.2
	- fabric-api-base 2.0.4+ece063239e
	- fabric-api-lookup-api-v1 2.0.17+11e1c9a39e
	- fabric-biome-api-v1 18.0.6+c7bd5b8e9e
	- fabric-block-api-v1 3.0.3+ec56b6019e
	- fabric-block-getter-api-v2 2.0.7+ec56b6019e
	- fabric-client-gametest-api-v1 5.1.1+37925be69e
	- fabric-command-api-v2 3.1.0+00cb03469e
	- fabric-content-registries-v0 11.2.2+b7a678a99e
	- fabric-convention-tags-v2 4.7.0+1f023a9e9e
	- fabric-crash-report-info-v1 1.0.5+086d547a9e
	- fabric-creative-tab-api-v1 5.0.14+d871b99e9e
	- fabric-data-attachment-api-v1 2.2.17+aa0fd6fe9e
	- fabric-data-generation-api-v1 25.4.4+9e7dc27f9e
	- fabric-debug-api-v1 1.0.2+c792624d9e
	- fabric-dimensions-v1 5.1.9+9cbf5da59e
	- fabric-entity-events-v1 5.0.5+06488ac19e
	- fabric-events-interaction-v0 5.2.6+8f57f7ee9e
	- fabric-game-rule-api-v1 4.0.8+46a6d00c9e
	- fabric-gametest-api-v1 4.0.21+4a7fa0819e
	- fabric-item-api-v1 14.2.0+7aec7be39e
	- fabric-key-mapping-api-v1 2.0.5+e2bdee789e
	- fabric-lifecycle-events-v1 4.1.3+4575b05f9e
	- fabric-loot-api-v3 3.0.17+06488ac19e
	- fabric-menu-api-v1 2.0.16+086d547a9e
	- fabric-message-api-v1 7.0.7+086d547a9e
	- fabric-model-loading-api-v1 8.0.15+c80601bb9e
	- fabric-networking-api-v1 6.3.3+72073ef09e
	- fabric-object-builder-api-v1 24.1.0+6fcd5f039e
	- fabric-particles-v1 5.0.18+d1756aa99e
	- fabric-permission-api-v1 1.0.3+b7020ca29e
	- fabric-recipe-api-v1 9.0.20+11e1c9a39e
	- fabric-registry-sync-v0 7.1.0+c7bd5b8e9e
	- fabric-renderer-api-v1 14.1.2+2b0d8a229e
	- fabric-renderer-indigo 9.1.2+2b0d8a229e
	- fabric-rendering-fluids-v1 6.0.4+06488ac19e
	- fabric-rendering-v1 25.3.1+6988455e9e
	- fabric-resource-conditions-api-v1 6.1.0+10e9a28b9e
	- fabric-resource-loader-v0 3.3.20+4fc5413f9e
	- fabric-resource-loader-v1 2.0.13+9edec1269e
	- fabric-screen-api-v1 5.1.0+48e3c0b09e
	- fabric-serialization-api-v1 2.0.4+11a26f319e
	- fabric-sound-api-v1 2.0.5+11a26f319e
	- fabric-tag-api-v1 2.1.3+794df31d9e
	- fabric-transfer-api-v1 8.0.11+39b5a3929e
	- fabric-transitive-access-wideners-v1 8.1.4+67c847259e
	- fabricloader 0.19.3
	- java 25
	- minecraft 26.2
	- mixinextras 0.5.4
	- totality 1.1.0
[10:28:26] [main/INFO] (FabricLoader/Mixin) SpongePowered MIXIN Subsystem Version=0.8.7 Source=file:/C:/Users/andre/.gradle/caches/modules-2/files-2.1/net.fabricmc/sponge-mixin/0.17.3+mixin.0.8.7/41c4a3984a80f4679e759fb9f495587acc5cdac7/sponge-mixin-0.17.3+mixin.0.8.7.jar Service=Knot/Fabric Env=CLIENT
[10:28:26] [main/INFO] (FabricLoader/Mixin) Compatibility level set to JAVA_25
[10:28:27] [main/INFO] (FabricLoader/MixinExtras|Service) Initializing MixinExtras via com.llamalad7.mixinextras.service.MixinExtrasServiceImpl(version=0.5.4).
[10:28:28] [Datafixer Bootstrap #0/INFO] (Minecraft) 295 Datafixer optimizations took 409 milliseconds
[10:28:33] [Render thread/INFO] (Minecraft) Environment: Environment[sessionHost=https://sessionserver.mojang.com, servicesHost=https://api.minecraftservices.com, profilesHost=https://api.mojang.com, name=PROD]
[10:28:33] [Render thread/INFO] (Minecraft) Setting user: Zcylas
[10:28:34] [Render thread/INFO] (totality) [ProvisionerRendererVerification] All 4 self-test checks passed.
[10:28:34] [Render thread/INFO] (Indigo) [Indigo] Registering Indigo renderer!
[10:28:34] [Render thread/INFO] (FabricDataGenHelper) Running data generator for totality
[10:28:34] [Worker-Main-1/INFO] (Minecraft) [STDERR]: [TotalityOverworldClimate] TEMP DIAGNOSTIC count=7594 fingerprint=bb4b08fa93763640a6bee504512f81780460d3d9dfcf196b04a5df5c231eb434
[10:28:34] [Render thread/ERROR] (FabricDataGenHelper) Failed to run data generation

java.lang.RuntimeException: Failed to run data generator from mod (totality)
	at knot//net.fabricmc.fabric.impl.datagen.FabricDataGenHelper.runInternal(FabricDataGenHelper.java:156)
	at knot//net.fabricmc.fabric.impl.datagen.FabricDataGenHelper.run(FabricDataGenHelper.java:95)
	at knot//net.minecraft.client.Minecraft.handler$zoa000$fabric-data-generation-api-v1$main(Minecraft.java:6003)
	at knot//net.minecraft.client.Minecraft.<init>(Minecraft.java:435)
	at knot//net.minecraft.client.main.Main.main(Main.java:265)
	at net.fabricmc.loader.impl.game.minecraft.MinecraftGameProvider.launch(MinecraftGameProvider.java:514)
	at net.fabricmc.loader.impl.launch.knot.Knot.launch(Knot.java:72)
	at net.fabricmc.loader.impl.launch.knot.KnotClient.main(KnotClient.java:23)
	at net.fabricmc.devlaunchinjector.Main.main(Main.java:86)
Caused by: java.util.concurrent.CompletionException: java.lang.IllegalStateException: OverworldBiomeBuilder point count changed (expected 7593, got 7594) — review TotalityOverworldClimate before trusting this Overworld biome placement.
	at java.base/java.util.concurrent.CompletableFuture.wrapInCompletionException(CompletableFuture.java:323)
	at java.base/java.util.concurrent.CompletableFuture.encodeThrowable(CompletableFuture.java:359)
	at java.base/java.util.concurrent.CompletableFuture.completeThrowable(CompletableFuture.java:364)
	at java.base/java.util.concurrent.CompletableFuture$AsyncSupply.run(CompletableFuture.java:1791)
	at java.base/java.util.concurrent.CompletableFuture$AsyncSupply.exec(CompletableFuture.java:1781)
	at java.base/java.util.concurrent.ForkJoinTask.doExec(ForkJoinTask.java:511)
	at java.base/java.util.concurrent.ForkJoinPool$WorkQueue.topLevelExec(ForkJoinPool.java:1450)
	at java.base/java.util.concurrent.ForkJoinPool.runWorker(ForkJoinPool.java:2019)
	at java.base/java.util.concurrent.ForkJoinWorkerThread.run(ForkJoinWorkerThread.java:187)
Caused by: java.lang.IllegalStateException: OverworldBiomeBuilder point count changed (expected 7593, got 7594) — review TotalityOverworldClimate before trusting this Overworld biome placement.
	at knot//zcylas.totality.worldgen.TotalityOverworldClimate.verifyVanillaReplay(TotalityOverworldClimate.java:191)
	at knot//zcylas.totality.worldgen.TotalityOverworldClimate.buildPoints(TotalityOverworldClimate.java:97)
	at knot//zcylas.totality.worldgen.TotalityOverworldClimate.buildParameterList(TotalityOverworldClimate.java:74)
	at knot//net.minecraft.world.level.biome.MultiNoiseBiomeSourceParameterList.handler$zif000$totality$injectOverworldPoints(MultiNoiseBiomeSourceParameterList.java:539)
	at knot//net.minecraft.world.level.biome.MultiNoiseBiomeSourceParameterList.<init>(MultiNoiseBiomeSourceParameterList.java:37)
	at knot//net.minecraft.world.level.biome.MultiNoiseBiomeSourceParameterLists.bootstrap(MultiNoiseBiomeSourceParameterLists.java:16)
	at knot//net.fabricmc.fabric.impl.datagen.FabricDataGenHelper$1BuilderData.bootstrap(FabricDataGenHelper.java:195)
	at knot//net.minecraft.core.RegistrySetBuilder$RegistryStub.apply(RegistrySetBuilder.java:373)
	at knot//net.minecraft.core.RegistrySetBuilder.lambda$createState$0(RegistrySetBuilder.java:79)
	at java.base/java.util.ArrayList.forEach(ArrayList.java:1604)
	at knot//net.minecraft.core.RegistrySetBuilder.createState(RegistrySetBuilder.java:79)
	at knot//net.minecraft.core.RegistrySetBuilder.build(RegistrySetBuilder.java:132)
	at knot//net.fabricmc.fabric.impl.datagen.FabricDataGenHelper.createHolderLookupProvider(FabricDataGenHelper.java:221)
	at knot//net.fabricmc.fabric.impl.datagen.FabricDataGenHelper.lambda$runInternal$0(FabricDataGenHelper.java:117)
	at java.base/java.util.concurrent.CompletableFuture$AsyncSupply.run(CompletableFuture.java:1789)
	... 5 more

> Task :runDatagen FAILED

FAILURE: Build failed with an exception.

* What went wrong:
Execution failed for task ':runDatagen' (registered by plugin 'fabric-loom').
> Process 'command 'C:\Program Files\Eclipse Adoptium\jdk-25.0.2.10-hotspot\bin\java.exe'' finished with non-zero exit value -1 (NTSTATUS 0xFFFFFFFF)

* Try:
> Run with --stacktrace option to get the stack trace.
> Run with --info or --debug option to get more log output.
> Run with --scan to get full insights from a Build Scan (powered by Develocity).
> Get more help at https://help.gradle.org.

BUILD FAILED in 14s
6 actionable tasks: 2 executed, 4 up-to-date
