
> Configure project :
Fabric Loom: 1.17.14

> Task :compileJava UP-TO-DATE
> Task :processResources UP-TO-DATE
> Task :classes UP-TO-DATE
> Task :generateLog4jConfig UP-TO-DATE
> Task :generateDLIConfig UP-TO-DATE
> Task :configureLaunch UP-TO-DATE

> Task :runServer
[10:35:16] [main/INFO] (FabricLoader/GameProvider) Loading Minecraft 26.2 with Fabric Loader 0.19.3
[10:35:16] [main/INFO] (FabricLoader/Mappings) Mappings not present!
[10:35:16] [main/INFO] (FabricLoader) Loading 43 mods:
	- fabric-api 0.154.2+26.2
	   |-- fabric-key-mapping-api-v1 2.0.5+e2bdee789e
	   |-- fabric-model-loading-api-v1 8.0.15+c80601bb9e
	   |-- fabric-renderer-api-v1 14.1.2+2b0d8a229e
	   |-- fabric-renderer-indigo 9.1.2+2b0d8a229e
	   |-- fabric-rendering-v1 25.3.1+6988455e9e
	   |-- fabric-screen-api-v1 5.1.0+48e3c0b09e
	   \-- fabric-sound-api-v1 2.0.5+11a26f319e
	- fabric-api-base 2.0.4+ece063239e
	- fabric-api-lookup-api-v1 2.0.17+11e1c9a39e
	- fabric-biome-api-v1 18.0.6+c7bd5b8e9e
	- fabric-block-api-v1 3.0.3+ec56b6019e
	- fabric-block-getter-api-v2 2.0.7+ec56b6019e
	- fabric-command-api-v2 3.1.0+00cb03469e
	- fabric-content-registries-v0 11.2.2+b7a678a99e
	- fabric-convention-tags-v2 4.7.0+1f023a9e9e
	- fabric-crash-report-info-v1 1.0.5+086d547a9e
	- fabric-creative-tab-api-v1 5.0.14+d871b99e9e
	- fabric-data-attachment-api-v1 2.2.17+aa0fd6fe9e
	- fabric-data-generation-api-v1 25.4.4+9e7dc27f9e
	- fabric-debug-api-v1 1.0.2+c792624d9e
	- fabric-dimensions-v1 5.1.9+9cbf5da59e
	- fabric-entity-events-v1 5.0.5+06488ac19e
	- fabric-events-interaction-v0 5.2.6+8f57f7ee9e
	- fabric-game-rule-api-v1 4.0.8+46a6d00c9e
	- fabric-gametest-api-v1 4.0.21+4a7fa0819e
	- fabric-item-api-v1 14.2.0+7aec7be39e
	- fabric-lifecycle-events-v1 4.1.3+4575b05f9e
	- fabric-loot-api-v3 3.0.17+06488ac19e
	- fabric-menu-api-v1 2.0.16+086d547a9e
	- fabric-message-api-v1 7.0.7+086d547a9e
	- fabric-networking-api-v1 6.3.3+72073ef09e
	- fabric-object-builder-api-v1 24.1.0+6fcd5f039e
	- fabric-particles-v1 5.0.18+d1756aa99e
	- fabric-permission-api-v1 1.0.3+b7020ca29e
	- fabric-recipe-api-v1 9.0.20+11e1c9a39e
	- fabric-registry-sync-v0 7.1.0+c7bd5b8e9e
	- fabric-rendering-fluids-v1 6.0.4+06488ac19e
	- fabric-resource-conditions-api-v1 6.1.0+10e9a28b9e
	- fabric-resource-loader-v0 3.3.20+4fc5413f9e
	- fabric-resource-loader-v1 2.0.13+9edec1269e
	- fabric-serialization-api-v1 2.0.4+11a26f319e
	- fabric-tag-api-v1 2.1.3+794df31d9e
	- fabric-transfer-api-v1 8.0.11+39b5a3929e
	- fabric-transitive-access-wideners-v1 8.1.4+67c847259e
	- fabricloader 0.19.3
	- java 25
	- minecraft 26.2
	- mixinextras 0.5.4
	- totality 1.1.0
[10:35:16] [main/INFO] (FabricLoader/Mixin) SpongePowered MIXIN Subsystem Version=0.8.7 Source=file:/C:/Users/andre/.gradle/caches/modules-2/files-2.1/net.fabricmc/sponge-mixin/0.17.3+mixin.0.8.7/41c4a3984a80f4679e759fb9f495587acc5cdac7/sponge-mixin-0.17.3+mixin.0.8.7.jar Service=Knot/Fabric Env=SERVER
[10:35:16] [main/INFO] (FabricLoader/Mixin) Compatibility level set to JAVA_25
[10:35:16] [main/INFO] (FabricLoader/MixinExtras|Service) Initializing MixinExtras via com.llamalad7.mixinextras.service.MixinExtrasServiceImpl(version=0.5.4).
[10:35:23] [main/ERROR] (Minecraft) Failed to load properties from file: server.properties

java.nio.file.NoSuchFileException: server.properties
	at java.base/sun.nio.fs.WindowsException.translateToIOException(WindowsException.java:85)
	at java.base/sun.nio.fs.WindowsException.rethrowAsIOException(WindowsException.java:103)
	at java.base/sun.nio.fs.WindowsException.rethrowAsIOException(WindowsException.java:108)
	at java.base/sun.nio.fs.WindowsFileSystemProvider.newByteChannel(WindowsFileSystemProvider.java:231)
	at java.base/java.nio.file.Files.newByteChannel(Files.java:357)
	at java.base/java.nio.file.Files.newByteChannel(Files.java:399)
	at java.base/java.nio.file.spi.FileSystemProvider.newInputStream(FileSystemProvider.java:371)
	at java.base/java.nio.file.Files.newInputStream(Files.java:154)
	at knot//net.minecraft.server.dedicated.Settings.loadFromFile(Settings.java:36)
	at knot//net.minecraft.server.dedicated.DedicatedServerProperties.fromFile(DedicatedServerProperties.java:158)
	at knot//net.minecraft.server.dedicated.DedicatedServerSettings.<init>(DedicatedServerSettings.java:12)
	at knot//net.minecraft.server.Main.main(Main.java:110)
	at net.fabricmc.loader.impl.game.minecraft.MinecraftGameProvider.launch(MinecraftGameProvider.java:514)
	at net.fabricmc.loader.impl.launch.knot.Knot.launch(Knot.java:72)
	at net.fabricmc.loader.impl.launch.knot.KnotServer.main(KnotServer.java:23)
	at net.fabricmc.devlaunchinjector.Main.main(Main.java:86)
[10:35:23] [main/INFO] (Minecraft) Environment: Environment[sessionHost=https://sessionserver.mojang.com, servicesHost=https://api.minecraftservices.com, profilesHost=https://api.mojang.com, name=PROD]
[10:35:24] [Worker-Main-4/INFO] (Minecraft) No existing world data, creating new world
[10:35:25] [Worker-Main-4/INFO] (NpcNameRegistry) Loaded NPC names: 12 male, 12 female, 12 neutral
[10:35:25] [Worker-Main-11/INFO] (QuestRegistry) Loaded 2 quests
[10:35:25] [Worker-Main-2/INFO] (DialogueRegistry) Loaded 4 dialogues
[10:35:25] [main/INFO] (Minecraft) Loaded 1593 recipes
[10:35:25] [main/INFO] (Minecraft) Loaded 1696 advancements
[10:35:25] [main/INFO] (totality) [Totality] Loaded 1 mob stat blocks
[10:35:25] [main/INFO] (BiomeModificationImpl) Applied 478 biome modifications to 56 of 67 new biomes in 14.52 ms
[10:35:25] [Server thread/INFO] (Minecraft) Starting minecraft server version 26.2
[10:35:25] [Server thread/INFO] (Minecraft) Loading properties
[10:35:25] [Server thread/INFO] (Minecraft) Default game type: SURVIVAL
[10:35:25] [Server thread/INFO] (Minecraft) Generating keypair
[10:35:25] [Server thread/INFO] (Minecraft) Starting Minecraft server on *:25565
[10:35:25] [Server thread/INFO] (Minecraft) Preparing level "world"
[10:35:26] [Server thread/INFO] (Minecraft) Selecting global world spawn...
[10:35:28] [Server thread/INFO] (Minecraft) Loading 0 persistent chunks...
[10:35:28] [Server thread/INFO] (Minecraft) Preparing spawn area: 100%
[10:35:28] [Server thread/INFO] (Minecraft) Time elapsed: 2113 ms
[10:35:28] [Server thread/INFO] (Minecraft) Done (2.382s)! For help, type "help"
[10:35:28] [Server thread/INFO] (Minecraft) Saving chunks for level 'ServerLevel[world]'/minecraft:overworld
[10:35:28] [Server thread/INFO] (Minecraft) Saving chunks for level 'ServerLevel[world]'/minecraft:the_nether
[10:35:28] [Server thread/INFO] (Minecraft) Saving chunks for level 'ServerLevel[world]'/minecraft:the_end
[10:35:28] [Server thread/INFO] (Minecraft) ThreadedAnvilChunkStorage (world): All chunks are saved
[10:35:28] [Server thread/INFO] (Minecraft) ThreadedAnvilChunkStorage (DIM-1): All chunks are saved
[10:35:28] [Server thread/INFO] (Minecraft) ThreadedAnvilChunkStorage (DIM1): All chunks are saved
[10:35:28] [Server thread/INFO] (Minecraft) ThreadedAnvilChunkStorage: All dimensions are saved
[10:35:28] [Server thread/INFO] (totality) Loaded ritual recipe: totality:test_ritual
[10:35:28] [Server thread/INFO] (totality) Loaded 1 ritual recipe(s)
[10:35:28] [Server thread/INFO] (totality) Loaded 1 shops
[10:35:28] [Server thread/INFO] (totality) Parsed 20 item value rules: 20 accepted, 0 rejected, across 19 items
[10:35:28] [Server thread/INFO] (totality) [ItemValueVerification] All 19 self-test checks passed.
[10:35:28] [Server thread/INFO] (totality) [MerchantSellVerification] All 33 self-test checks passed.
[10:35:28] [Server thread/INFO] (totality) Loaded 1 provisioner assortment pool(s), 0 rejected
[10:35:28] [Server thread/ERROR] (totality) Provisioner 64dd778d-9b47-4c90-9b10-e218f805fd3f loaded a corrupt negative CurrentCredits (-50); sanitizing to 0
[10:35:28] [Server thread/ERROR] (totality) Provisioner d9c07930-cc70-4ef0-88ad-8089cfbcf50a loaded corrupt persisted stock (empty item template or duplicate entries); discarding entire list rather than partially recovering it
[10:35:28] [Server thread/ERROR] (totality) Provisioner 30d8cb29-3361-4f9c-bf06-2dee537c3fa4 could not initialize stock: assortment pool totality:selftest/no_such_pool_throttle_check not found or failed validation (will retry silently every 200 ticks until a valid pool is available)
[10:35:28] [Server thread/ERROR] (totality) Provisioner 04f86193-6b32-4f86-a5d9-c190e65f13e7 could not initialize stock: assortment pool totality:selftest/no_such_pool not found or failed validation (will retry silently every 200 ticks until a valid pool is available)
[10:35:28] [Server thread/INFO] (totality) [ProvisionerVerification] All 67 self-test checks passed.
[10:35:28] [Server thread/INFO] (totality) [TradingScreenVerification] All 14 self-test checks passed.
[10:35:28] [Server thread/WARN] (TranslationConventionLogWarnings) 
	Dev warning - Untranslated Item Tags detected. Please translate your item tags so other mods such as recipe viewers can properly display your tag's name.
	The format desired is tag.item.<namespace>.<path> for the translation key with slashes in path turned into periods.
	To disable this message, set this system property in your runs: `-Dfabric-tag-conventions-v2.missingTagTranslationWarning=SILENCED`.
	To see individual untranslated item tags found, set the system property to `-Dfabric-tag-conventions-v2.missingTagTranslationWarning=VERBOSE`.
	Default is `SHORT`.

[10:35:30] [Server thread/ERROR] (totality) [ProvisionerEntityBackedSmokeTest] FAIL - Freshly spawned Provisioner resolves via the real production entity lookup after real ticks (resolved=null)
[10:35:30] [Server thread/ERROR] (totality) [ProvisionerEntityBackedSmokeTest] FAIL - One real BUY against the live entity changes its Credits and stock (buyResult=BuyResult[success=false, reason=NPC_INVALID, totalCost=0, quantityBought=0], credits=300, stock=[MerchantStockEntry[item=1 minecraft:torch, currentStock=16]])
[10:35:30] [Server thread/ERROR] (totality) [ProvisionerEntityBackedSmokeTest] FAIL - One real SELL against the live entity changes its Credits and never adds to ordinary stock (sellResult=SellResult[success=false, reason=NO_SESSION, detail=null, payout=0, quantitySold=0], credits=300, stock=[MerchantStockEntry[item=1 minecraft:torch, currentStock=16]])
[10:35:30] [Server thread/ERROR] (totality) [ProvisionerEntityBackedSmokeTest] 3/4 self-test checks FAILED:
[10:35:30] [Server thread/ERROR] (totality) [ProvisionerEntityBackedSmokeTest]   - Freshly spawned Provisioner resolves via the real production entity lookup after real ticks
[10:35:30] [Server thread/ERROR] (totality) [ProvisionerEntityBackedSmokeTest]   - One real BUY against the live entity changes its Credits and stock
[10:35:30] [Server thread/ERROR] (totality) [ProvisionerEntityBackedSmokeTest]   - One real SELL against the live entity changes its Credits and never adds to ordinary stock
[10:36:28] [Server thread/INFO] (Minecraft) Server empty for 60 seconds, pausing
