
> Configure project :
Fabric Loom: 1.17.14

> Task :compileJava UP-TO-DATE
> Task :processResources
> Task :classes
> Task :generateLog4jConfig UP-TO-DATE
> Task :generateDLIConfig UP-TO-DATE
> Task :configureLaunch UP-TO-DATE
> Task :downloadAssets UP-TO-DATE
> Task :configureClientLaunch UP-TO-DATE

> Task :runClient
[10:44:20] [main/INFO] (FabricLoader/GameProvider) Loading Minecraft 26.2 with Fabric Loader 0.19.3
[10:44:20] [main/INFO] (FabricLoader/Mappings) Mappings not present!
[10:44:20] [main/INFO] (FabricLoader) Loading 51 mods:
	- fabric-api 0.154.2+26.2
	- fabric-api-base 2.0.4+ece063239e
	- fabric-api-lookup-api-v1 2.0.17+11e1c9a39e
	- fabric-biome-api-v1 18.0.6+c7bd5b8e9e
	- fabric-block-api-v1 3.0.3+ec56b6019e
	- fabric-block-getter-api-v2 2.0.7+ec56b6019e
	- fabric-client-gametest-api-v1 5.1.1+37925be69e
	- fabric-command-api-v2 3.1.0+00cb03469e
	- fabric-content-registries-v0 11.2.2+b7a678a99e
	- fabric-convention-tags-v2 4.7.0+1f023a9e9e
	- fabric-crash-report-info-v1 1.0.5+086d547a9e
	- fabric-creative-tab-api-v1 5.0.14+d871b99e9e
	- fabric-data-attachment-api-v1 2.2.17+aa0fd6fe9e
	- fabric-data-generation-api-v1 25.4.4+9e7dc27f9e
	- fabric-debug-api-v1 1.0.2+c792624d9e
	- fabric-dimensions-v1 5.1.9+9cbf5da59e
	- fabric-entity-events-v1 5.0.5+06488ac19e
	- fabric-events-interaction-v0 5.2.6+8f57f7ee9e
	- fabric-game-rule-api-v1 4.0.8+46a6d00c9e
	- fabric-gametest-api-v1 4.0.21+4a7fa0819e
	- fabric-item-api-v1 14.2.0+7aec7be39e
	- fabric-key-mapping-api-v1 2.0.5+e2bdee789e
	- fabric-lifecycle-events-v1 4.1.3+4575b05f9e
	- fabric-loot-api-v3 3.0.17+06488ac19e
	- fabric-menu-api-v1 2.0.16+086d547a9e
	- fabric-message-api-v1 7.0.7+086d547a9e
	- fabric-model-loading-api-v1 8.0.15+c80601bb9e
	- fabric-networking-api-v1 6.3.3+72073ef09e
	- fabric-object-builder-api-v1 24.1.0+6fcd5f039e
	- fabric-particles-v1 5.0.18+d1756aa99e
	- fabric-permission-api-v1 1.0.3+b7020ca29e
	- fabric-recipe-api-v1 9.0.20+11e1c9a39e
	- fabric-registry-sync-v0 7.1.0+c7bd5b8e9e
	- fabric-renderer-api-v1 14.1.2+2b0d8a229e
	- fabric-renderer-indigo 9.1.2+2b0d8a229e
	- fabric-rendering-fluids-v1 6.0.4+06488ac19e
	- fabric-rendering-v1 25.3.1+6988455e9e
	- fabric-resource-conditions-api-v1 6.1.0+10e9a28b9e
	- fabric-resource-loader-v0 3.3.20+4fc5413f9e
	- fabric-resource-loader-v1 2.0.13+9edec1269e
	- fabric-screen-api-v1 5.1.0+48e3c0b09e
	- fabric-serialization-api-v1 2.0.4+11a26f319e
	- fabric-sound-api-v1 2.0.5+11a26f319e
	- fabric-tag-api-v1 2.1.3+794df31d9e
	- fabric-transfer-api-v1 8.0.11+39b5a3929e
	- fabric-transitive-access-wideners-v1 8.1.4+67c847259e
	- fabricloader 0.19.3
	- java 25
	- minecraft 26.2
	- mixinextras 0.5.4
	- totality 1.1.0
[10:44:20] [main/INFO] (FabricLoader/Mixin) SpongePowered MIXIN Subsystem Version=0.8.7 Source=file:/C:/Users/andre/.gradle/caches/modules-2/files-2.1/net.fabricmc/sponge-mixin/0.17.3+mixin.0.8.7/41c4a3984a80f4679e759fb9f495587acc5cdac7/sponge-mixin-0.17.3+mixin.0.8.7.jar Service=Knot/Fabric Env=CLIENT
[10:44:20] [main/INFO] (FabricLoader/Mixin) Compatibility level set to JAVA_25
[10:44:22] [main/INFO] (FabricLoader/MixinExtras|Service) Initializing MixinExtras via com.llamalad7.mixinextras.service.MixinExtrasServiceImpl(version=0.5.4).
[10:44:22] [Datafixer Bootstrap #0/INFO] (Minecraft) 295 Datafixer optimizations took 384 milliseconds
[10:44:28] [Render thread/INFO] (Minecraft) Environment: Environment[sessionHost=https://sessionserver.mojang.com, servicesHost=https://api.minecraftservices.com, profilesHost=https://api.mojang.com, name=PROD]
[10:44:28] [Render thread/INFO] (Minecraft) Setting user: Zcylas
[10:44:28] [Render thread/INFO] (Indigo) [Indigo] Registering Indigo renderer!
[10:44:29] [Render thread/INFO] (totality) [ProvisionerRendererVerification] All 4 self-test checks passed.
[10:44:29] [Render thread/INFO] (Minecraft) Backend library: LWJGL version 3.4.1-snapshot
[10:44:29] [Render thread/WARN] (Minecraft) Detected unexpected shutdown during last game startup: resetting fullscreen mode
[10:44:29] [Render thread/WARN] (Minecraft) Detected unexpected shutdown during last game startup: forcing preferred graphics API to OpenGL
[10:44:29] [Render thread/INFO] (Minecraft) Using graphics backend OpenGL, using drivers: 3.3.0 Core Profile Context 26.6.2.260608
[10:44:29] [Render thread/INFO] (Minecraft) Using graphics device: AMD Radeon RX 6600 (ATI Technologies Inc.)
[10:44:29] [Render thread/INFO] (Minecraft) Using graphics device extensions: GL_ARB_multi_draw_indirect, GL_ARB_buffer_storage, GL_ARB_shader_draw_parameters, GL_ARB_base_instance, GL_KHR_debug, GL_ARB_draw_indirect, GL_ARB_clip_control, GL_ARB_vertex_attrib_binding, GL_ARB_direct_state_access, GL_EXT_texture_filter_anisotropic
[10:44:30] [Download-1/INFO] (Minecraft) Could not authorize you against Realms server: java.lang.RuntimeException: Failed to parse into SignedJWT: FabricMC
[10:44:30] [Render thread/INFO] (Minecraft) Reloading ResourceManager: vanilla, fabric-api, fabric-api-base, fabric-api-lookup-api-v1, fabric-biome-api-v1, fabric-block-api-v1, fabric-block-getter-api-v2, fabric-client-gametest-api-v1, fabric-command-api-v2, fabric-content-registries-v0, fabric-convention-tags-v2, fabric-crash-report-info-v1, fabric-creative-tab-api-v1, fabric-data-attachment-api-v1, fabric-data-generation-api-v1, fabric-debug-api-v1, fabric-dimensions-v1, fabric-entity-events-v1, fabric-events-interaction-v0, fabric-game-rule-api-v1, fabric-gametest-api-v1, fabric-item-api-v1, fabric-key-mapping-api-v1, fabric-lifecycle-events-v1, fabric-loot-api-v3, fabric-menu-api-v1, fabric-message-api-v1, fabric-model-loading-api-v1, fabric-networking-api-v1, fabric-object-builder-api-v1, fabric-particles-v1, fabric-permission-api-v1, fabric-recipe-api-v1, fabric-registry-sync-v0, fabric-renderer-api-v1, fabric-renderer-indigo, fabric-rendering-fluids-v1, fabric-rendering-v1, fabric-resource-conditions-api-v1, fabric-resource-loader-v0, fabric-resource-loader-v1, fabric-screen-api-v1, fabric-serialization-api-v1, fabric-sound-api-v1, fabric-tag-api-v1, fabric-transfer-api-v1, fabric-transitive-access-wideners-v1, fabricloader, totality
[10:44:30] [Worker-Main-6/INFO] (Minecraft) Found unifont_all_no_pua-17.0.01.hex, loading
[10:44:30] [Worker-Main-4/INFO] (Minecraft) Found unifont_pua-17.0.01.hex, loading
[10:44:30] [Worker-Main-7/INFO] (Minecraft) Found unifont_jp_patch-17.0.01.hex, loading
[10:44:31] [Worker-Main-5/WARN] (Minecraft) Missing block model: totality:block/ritual_dais_active
[10:44:31] [Worker-Main-9/WARN] (Minecraft) Missing textures in model totality:item/blessed_incense:
    totality:item/blessed_incense
[10:44:31] [Worker-Main-9/WARN] (Minecraft) Missing textures in model totality:item/incense:
    totality:item/incense
[10:44:31] [Worker-Main-9/WARN] (Minecraft) Missing textures in model totality:item/zanpakuto:
    totality:item/zanpakuto
[10:44:31] [Worker-Main-9/WARN] (Minecraft) Missing textures in model totality:item/credits:
    totality:item/credits
[10:44:31] [Worker-Main-9/WARN] (Minecraft) Missing textures in model totality:item/platinum_coin:
    totality:item/platinum_coin
[10:44:32] [Render thread/INFO] (Minecraft) OpenAL initialized on device OpenAL Soft on Headset Earphone (CORSAIR HS80 RGB Wireless Gaming Receiver)
[10:44:32] [Render thread/INFO] (Minecraft) Sound engine started
[10:44:32] [Render thread/INFO] (Minecraft) Created: 512x256x0 minecraft:textures/atlas/particles.png-atlas
[10:44:32] [Render thread/INFO] (Minecraft) Created: 128x128x0 minecraft:textures/atlas/decorated_pot.png-atlas
[10:44:32] [Render thread/INFO] (Minecraft) Created: 2048x1024x0 minecraft:textures/atlas/armor_trims.png-atlas
[10:44:32] [Render thread/INFO] (Minecraft) Created: 512x256x0 minecraft:textures/atlas/paintings.png-atlas
[10:44:32] [Render thread/INFO] (Minecraft) Created: 1024x512x0 minecraft:textures/atlas/shield_patterns.png-atlas
[10:44:32] [Render thread/INFO] (Minecraft) Created: 2048x2048x4 minecraft:textures/atlas/blocks.png-atlas
[10:44:32] [Render thread/INFO] (Minecraft) Created: 512x512x0 minecraft:textures/atlas/chest.png-atlas
[10:44:32] [Render thread/INFO] (Minecraft) Created: 256x128x0 minecraft:textures/atlas/celestials.png-atlas
[10:44:32] [Render thread/INFO] (Minecraft) Created: 1024x512x0 minecraft:textures/atlas/banner_patterns.png-atlas
[10:44:32] [Render thread/INFO] (Minecraft) Created: 1024x512x0 minecraft:textures/atlas/items.png-atlas
[10:44:32] [Render thread/INFO] (Minecraft) Created: 1024x1024x0 minecraft:textures/atlas/gui.png-atlas
[10:44:32] [Render thread/INFO] (Minecraft) Created: 128x64x0 minecraft:textures/atlas/map_decorations.png-atlas
[10:44:32] [Render thread/INFO] (Minecraft) Created: 512x512x0 minecraft:textures/atlas/shulker_boxes.png-atlas
[10:44:32] [Download-1/INFO] (Minecraft) Could not authorize you against Realms server: java.lang.RuntimeException: Failed to parse into SignedJWT: FabricMC
[10:44:44] [Worker-Main-9/INFO] (Minecraft) Starting upgrade for world "New Testing World"
[10:44:45] [Worker-Main-9/INFO] (Minecraft) Upgrading progress: 100%
[10:44:45] [Worker-Main-9/INFO] (Minecraft) File system capabilities: FileSystemCapabilities[atomicMove=true, hardLinks=true]
[10:44:45] [Worker-Main-9/INFO] (Minecraft) Applying file structure changes for world "New Testing World"
[10:44:45] [Worker-Main-9/INFO] (Minecraft) Moving new hardlinked world to top level
[10:44:45] [Worker-Main-9/INFO] (Minecraft) Start cleanup
[10:44:45] [Worker-Main-9/INFO] (Minecraft) Moving out old world folder
[10:44:45] [Worker-Main-9/INFO] (Minecraft) Moving in new world folder
[10:44:45] [Worker-Main-9/INFO] (Minecraft) Done applying file structure changes for world "New Testing World". Cleaning up outdated data...
[10:44:45] [Worker-Main-9/INFO] (Minecraft) Upgrade done for world "New Testing World"
[10:44:47] [Worker-Main-1/INFO] (NpcNameRegistry) Loaded NPC names: 12 male, 12 female, 12 neutral
[10:44:47] [Worker-Main-4/INFO] (QuestRegistry) Loaded 2 quests
[10:44:47] [Worker-Main-11/INFO] (DialogueRegistry) Loaded 4 dialogues
[10:44:48] [Render thread/INFO] (Minecraft) Loaded 1593 recipes
[10:44:48] [Render thread/INFO] (Minecraft) Loaded 1696 advancements
[10:44:48] [Render thread/INFO] (totality) [Totality] Loaded 1 mob stat blocks
[10:44:48] [Render thread/INFO] (BiomeModificationImpl) Applied 38 biome modifications to 28 of 67 new biomes in 5.434 ms
[10:44:48] [Server thread/INFO] (Minecraft) Starting integrated minecraft server version 26.2
[10:44:48] [Server thread/INFO] (Minecraft) Generating keypair
[10:44:48] [Server thread/INFO] (Minecraft) Loading 0 persistent chunks...
[10:44:48] [Server thread/INFO] (Minecraft) Preparing spawn area: 16%
[10:44:48] [Server thread/INFO] (Minecraft) Saving chunks for level 'ServerLevel[New Testing World]'/minecraft:overworld
[10:44:48] [Server thread/INFO] (Minecraft) Saving chunks for level 'ServerLevel[New Testing World]'/minecraft:the_end
[10:44:48] [Server thread/INFO] (Minecraft) Saving chunks for level 'ServerLevel[New Testing World]'/minecraft:the_nether
[10:44:48] [Server thread/INFO] (Minecraft) ThreadedAnvilChunkStorage (world): All chunks are saved
[10:44:48] [Server thread/INFO] (Minecraft) ThreadedAnvilChunkStorage (DIM1): All chunks are saved
[10:44:48] [Server thread/INFO] (Minecraft) ThreadedAnvilChunkStorage (DIM-1): All chunks are saved
[10:44:48] [Server thread/INFO] (Minecraft) ThreadedAnvilChunkStorage: All dimensions are saved
[10:44:48] [Server thread/INFO] (totality) Loaded ritual recipe: totality:test_ritual
[10:44:48] [Server thread/INFO] (totality) Loaded 1 ritual recipe(s)
[10:44:48] [Server thread/INFO] (totality) Loaded 1 shops
[10:44:48] [Server thread/INFO] (totality) Parsed 20 item value rules: 20 accepted, 0 rejected, across 19 items
[10:44:48] [Server thread/INFO] (totality) [ItemValueVerification] All 19 self-test checks passed.
[10:44:48] [Server thread/INFO] (totality) [MerchantSellVerification] All 33 self-test checks passed.
[10:44:48] [Server thread/INFO] (totality) Loaded 1 provisioner assortment pool(s), 0 rejected
[10:44:48] [Server thread/ERROR] (totality) Provisioner facbb22e-1a9b-429d-9918-f5b216f9c28e loaded a corrupt negative CurrentCredits (-50); sanitizing to 0
[10:44:48] [Server thread/ERROR] (totality) Provisioner 42c71114-78e2-4f7d-bb59-a7ee2bf38794 loaded corrupt persisted stock (empty item template or duplicate entries); discarding entire list rather than partially recovering it
[10:44:48] [Server thread/ERROR] (totality) Provisioner a79a5860-51f0-4b37-99ac-e8d5034d1c4d could not initialize stock: assortment pool totality:selftest/no_such_pool_throttle_check not found or failed validation (will retry silently every 200 ticks until a valid pool is available)
[10:44:48] [Server thread/ERROR] (totality) Provisioner 8fe44dfd-cfd4-4f4a-b8f3-4fa4faea0933 could not initialize stock: assortment pool totality:selftest/no_such_pool not found or failed validation (will retry silently every 200 ticks until a valid pool is available)
[10:44:48] [Server thread/INFO] (totality) [ProvisionerVerification] All 67 self-test checks passed.
[10:44:48] [Server thread/INFO] (totality) [TradingScreenVerification] All 14 self-test checks passed.
[10:44:48] [Server thread/WARN] (TranslationConventionLogWarnings) 
	Dev warning - Untranslated Item Tags detected. Please translate your item tags so other mods such as recipe viewers can properly display your tag's name.
	The format desired is tag.item.<namespace>.<path> for the translation key with slashes in path turned into periods.
	To disable this message, set this system property in your runs: `-Dfabric-tag-conventions-v2.missingTagTranslationWarning=SILENCED`.
	To see individual untranslated item tags found, set the system property to `-Dfabric-tag-conventions-v2.missingTagTranslationWarning=VERBOSE`.
	Default is `SHORT`.

[10:44:49] [Server thread/INFO] (Minecraft) Loading 49 chunks for player spawn...
[10:44:49] [Server thread/INFO] (Minecraft) Preparing spawn area: 16%
[10:44:49] [Server thread/INFO] (Minecraft) Preparing spawn area: 94%
[10:44:49] [Server thread/INFO] (Minecraft) Time elapsed: 1082 ms
[10:44:49] [Server thread/INFO] (Minecraft) Zcylas[local:E:7334b0a8] logged in with entity id 111 at (93.87130959115383, -54.467393851673755, 192.8753323501745)
[10:44:49] [Server thread/INFO] (QuestManager) [Quest] grantIfMissing(totality:first_signal) for Zcylas — alreadyHad=true, nowHas=true
[10:44:49] [Server thread/INFO] (QuestManager) [Quest] buildDisplay for Zcylas — 1 quest(s)
[10:44:49] [Server thread/INFO] (QuestManager) [Quest] buildDisplay for Zcylas — 1 quest(s)
[10:44:49] [Server thread/INFO] (Minecraft) Zcylas joined the game
[10:44:49] [Server thread/INFO] (Minecraft) Changing view distance to 16, from 10
[10:44:49] [Server thread/INFO] (Minecraft) Changing simulation distance to 12, from 0
[10:44:49] [Download-1/ERROR] (Minecraft) Failed to retrieve profile key pair

MinecraftClientHttpException[type=HTTP_ERROR, status=401, response=ErrorResponse[path=/player/certificates, error=null, errorMessage=null, details=null]]
	at knot//com.mojang.authlib.minecraft.client.MinecraftClient.buildHttpException(MinecraftClient.java:170)
	at knot//com.mojang.authlib.minecraft.client.MinecraftClient.readServiceResponse(MinecraftClient.java:147)
	at knot//com.mojang.authlib.minecraft.client.MinecraftClient.post(MinecraftClient.java:89)
	at knot//com.mojang.authlib.yggdrasil.YggdrasilUserApiService.getKeyPair(YggdrasilUserApiService.java:62)
	at knot//net.minecraft.client.multiplayer.AccountProfileKeyPairManager.fetchProfileKeyPair(AccountProfileKeyPairManager.java:121)
	at knot//net.minecraft.client.multiplayer.AccountProfileKeyPairManager.lambda$readOrFetchProfileKeyPair$0(AccountProfileKeyPairManager.java:74)
	at java.base/java.util.concurrent.CompletableFuture$AsyncSupply.run(CompletableFuture.java:1789)
	at java.base/java.util.concurrent.ThreadPoolExecutor.runWorker(ThreadPoolExecutor.java:1090)
	at java.base/java.util.concurrent.ThreadPoolExecutor$Worker.run(ThreadPoolExecutor.java:614)
	at java.base/java.lang.Thread.run(Thread.java:1474)
[10:44:50] [Render thread/INFO] (Minecraft) Resizing Dynamic Transforms UBO, capacity limit of 2 reached during a single frame. New capacity will be 4.
[10:44:50] [Render thread/INFO] (Minecraft) Loaded 93 advancements
[10:44:50] [Render thread/INFO] (Minecraft) Resizing Dynamic Transforms UBO, capacity limit of 4 reached during a single frame. New capacity will be 8.
[10:44:50] [Render thread/INFO] (Minecraft) Resizing Dynamic Transforms UBO, capacity limit of 8 reached during a single frame. New capacity will be 16.
[10:44:50] [Render thread/INFO] (Minecraft) Resizing Chunk Sections UBO, capacity limit of 2 reached during a single frame. New capacity will be 8.
[10:44:50] [Render thread/INFO] (Minecraft) Resizing Chunk Sections UBO, capacity limit of 8 reached during a single frame. New capacity will be 16.
[10:44:50] [Render thread/INFO] (Minecraft) Resizing Chunk Sections UBO, capacity limit of 16 reached during a single frame. New capacity will be 32.
[10:44:51] [Render thread/INFO] (Minecraft) Resizing Chunk Sections UBO, capacity limit of 32 reached during a single frame. New capacity will be 64.
[10:44:51] [Render thread/INFO] (Minecraft) Resizing Chunk Sections UBO, capacity limit of 64 reached during a single frame. New capacity will be 128.
[10:44:51] [Server thread/INFO] (totality) [ProvisionerEntityBackedSmokeTest] All 4 self-test checks passed.
[10:44:51] [Render thread/INFO] (Minecraft) Resizing Chunk Sections UBO, capacity limit of 128 reached during a single frame. New capacity will be 256.
[10:44:53] [Server thread/INFO] (Minecraft) Villager Villager['Villager'/210, l='ServerLevel[New Testing World]', x=126.27, y=-60.00, z=70.80] died, message: 'Villager was slain by Zombie'
[10:44:53] [Render thread/INFO] (Minecraft) Villager Villager['Villager'/210, l='ClientLevel', x=126.90, y=-59.80, z=70.50] died, message: 'Villager died'
[10:44:53] [Render thread/INFO] (Minecraft) Resizing Chunk Sections UBO, capacity limit of 256 reached during a single frame. New capacity will be 512.
[10:45:00] [Render thread/WARN] (Minecraft) Missing resource totality:textures/ability/ground_slam.png referenced from totality:textures/ability/ground_slam.png
[10:45:00] [Render thread/WARN] (Minecraft) Missing resource totality:textures/ability/rest.png referenced from totality:textures/ability/rest.png
[10:45:00] [Render thread/WARN] (Minecraft) Missing resource totality:textures/ability/spell/poison_spray.png referenced from totality:textures/ability/spell/poison_spray.png
[10:45:00] [Render thread/WARN] (Minecraft) Missing resource totality:textures/ability/spell/eldritch_blast.png referenced from totality:textures/ability/spell/eldritch_blast.png
[10:45:00] [Render thread/WARN] (Minecraft) Missing resource totality:textures/ability/spell/ray_of_frost.png referenced from totality:textures/ability/spell/ray_of_frost.png
[10:45:00] [Render thread/WARN] (Minecraft) Missing resource totality:textures/ability/spell/chill_touch.png referenced from totality:textures/ability/spell/chill_touch.png
